Archive member included because of file (symbol)

/home/afrendy/projdb/koding/atinom/modul/TOOLCHAIN/bin/../lib/gcc/arm-elf/4.1.0/../../../../arm-elf/lib/thumb/interwork/libg.a(errno.o)
                              syscalls.o (__errno)
/home/afrendy/projdb/koding/atinom/modul/TOOLCHAIN/bin/../lib/gcc/arm-elf/4.1.0/../../../../arm-elf/lib/thumb/interwork/libg.a(impure.o)
                              /home/afrendy/projdb/koding/atinom/modul/TOOLCHAIN/bin/../lib/gcc/arm-elf/4.1.0/../../../../arm-elf/lib/thumb/interwork/libg.a(errno.o) (_impure_ptr)
/home/afrendy/projdb/koding/atinom/modul/TOOLCHAIN/bin/../lib/gcc/arm-elf/4.1.0/../../../../arm-elf/lib/thumb/interwork/libg.a(memcpy.o)
                              source/queue.o (memcpy)
/home/afrendy/projdb/koding/atinom/modul/TOOLCHAIN/bin/../lib/gcc/arm-elf/4.1.0/../../../../arm-elf/lib/thumb/interwork/libg.a(memset.o)
                              source/tasks.o (memset)
/home/afrendy/projdb/koding/atinom/modul/TOOLCHAIN/bin/../lib/gcc/arm-elf/4.1.0/../../../../arm-elf/lib/thumb/interwork/libg.a(strncpy.o)
                              source/tasks.o (strncpy)

Allocating common symbols
Common symbol       size              file

tog                 0x4               main.o
hdl_led             0x4               main.o

Memory Configuration

Name             Origin             Length             Attributes
flash            0x00000000         0x0007d000
ram              0x40000000         0x00010000
usbram           0x7fd00000         0x00002000
ethram           0x7fe00000         0x00004000
*default*        0x00000000         0xffffffff

Linker script and memory map

LOAD source/portable/GCC/ARM7_LPC23xx/portISR.o
LOAD main.o
LOAD ./ParTest/ParTest.o
LOAD minimal/flash.o
LOAD source/list.o
LOAD source/queue.o
LOAD source/tasks.o
LOAD source/portable/GCC/ARM7_LPC23xx/port.o
LOAD source/portable/MemMang/heap_2.o
LOAD syscalls.o
LOAD minimal/BlockQ.o
LOAD /tmp/ccwMdFlV.o
START GROUP
LOAD /home/afrendy/projdb/koding/atinom/modul/TOOLCHAIN/bin/../lib/gcc/arm-elf/4.1.0/thumb/interwork/libgcc.a
LOAD /home/afrendy/projdb/koding/atinom/modul/TOOLCHAIN/bin/../lib/gcc/arm-elf/4.1.0/../../../../arm-elf/lib/thumb/interwork/libg.a
LOAD /home/afrendy/projdb/koding/atinom/modul/TOOLCHAIN/bin/../lib/gcc/arm-elf/4.1.0/../../../../arm-elf/lib/thumb/interwork/libc.a
END GROUP
                0x40007ffc                __stack_end__ = 0x40007ffc
                0x00000000                . = 0x0

startup         0x00000000       0x44
 *(.startup)
 .startup       0x00000000       0x44 /tmp/ccwMdFlV.o

prog            0x00000044     0x3184
 *(.text)
 .text          0x00000044      0x1d0 source/portable/GCC/ARM7_LPC23xx/portISR.o
                0x000001bc                vPortExitCritical
                0x00000090                vPortYieldProcessor
                0x0000015c                vPortDisableInterruptsFromThumb
                0x0000013c                vNonPreemptiveTick
                0x00000044                vPortISRStartFirstTask
                0x00000174                vPortEnableInterruptsFromThumb
                0x0000018c                vPortEnterCritical
 .text          0x00000214      0x1f0 main.o
                0x0000031c                togle_led_utama
                0x00000284                led_blink
                0x0000027c                loop_led
                0x00000214                dummy_del
                0x000002b0                main
 .text          0x00000404      0x244 ./ParTest/ParTest.o
                0x000005bc                vParTestToggleLED
                0x00000570                vParTestSetLED
                0x00000618                uxParTextGetLED
                0x00000404                vParTestInitialise
 .text          0x00000648       0xfc minimal/flash.o
                0x00000648                vStartLEDFlashTasks
 .text          0x00000744      0x1c4 source/list.o
                0x000007a0                vListInsertEnd
                0x0000078c                vListInitialiseItem
                0x00000744                vListInitialise
                0x000008a0                uxListRemove
                0x00000808                vListInsert
 .text          0x00000908      0x9b4 source/queue.o
                0x00000c60                xQueueGenericSendFromISR
                0x00000fb8                vQueueDelete
                0x00000b14                xQueueGenericSend
                0x00000ecc                xQueueReceiveFromISR
                0x000009d0                xQueueGenericCreate
                0x0000128c                xQueueIsQueueFullFromISR
                0x00000f74                uxQueueMessagesWaiting
                0x00000d08                xQueueGenericReceive
                0x00000908                xQueueGenericReset
                0x00000f9c                uxQueueMessagesWaitingFromISR
                0x00001228                xQueueIsQueueEmptyFromISR
                0x00000a74                xQueueCreateMutex
 .text          0x000012bc     0x113c source/tasks.o
                0x00001578                uxTaskPriorityGet
                0x000015c0                vTaskPrioritySet
                0x00001a0c                vTaskEndScheduler
                0x00001d7c                vTaskPlaceOnEventList
                0x000012bc                xTaskGenericCreate
                0x000017c8                xTaskIsTaskSuspended
                0x000018c4                xTaskResumeFromISR
                0x00001b40                xTaskGetTickCount
                0x00001dec                xTaskRemoveFromEventList
                0x00001468                vTaskDelete
                0x00001ed8                xTaskCheckForTimeOut
                0x00001a24                vTaskSuspendAll
                0x00001b64                xTaskGetTickCountFromISR
                0x0000235c                vTaskPriorityDisinherit
                0x00002290                vTaskPriorityInherit
                0x0000181c                vTaskResume
                0x00001cdc                vTaskSwitchContext
                0x00001714                vTaskSuspend
                0x00001b84                uxTaskGetNumberOfTasks
                0x00001b90                vTaskIncrementTick
                0x00002278                xTaskGetCurrentTaskHandle
                0x00001a34                xTaskResumeAll
                0x00001998                vTaskStartScheduler
                0x00001f80                vTaskMissedYield
                0x00001518                vTaskDelay
                0x00001eb0                vTaskSetTimeOutState
 .text          0x000023f8      0x258 source/portable/GCC/ARM7_LPC23xx/port.o
                0x000025b8                xPortStartScheduler
                0x000025cc                vPortEndScheduler
                0x000023f8                pxPortInitialiseStack
 .text          0x00002650      0x298 source/portable/MemMang/heap_2.o
                0x00002880                xPortGetFreeHeapSize
                0x000027e0                vPortFree
                0x00002650                pvPortMalloc
                0x0000288c                vPortInitialiseBlocks
 .text          0x000028e8      0x1b4 syscalls.o
                0x00002a78                _isatty_r
                0x00002934                _lseek_r
                0x00002a34                _fstat_r
                0x000029c4                _sbrk_r
                0x000028e8                _read_r
                0x000029b0                _close_r
                0x00002974                _write_r
 .text          0x00002a9c      0x478 minimal/BlockQ.o
                0x00002a9c                vStartBlockingQueueTasks
                0x00002e54                xAreBlockingQueuesStillRunning
 .text          0x00002f14       0xc4 /tmp/ccwMdFlV.o
                0x00002f14                start
                0x00002fbc                endless_loop
 .text          0x00002fd8        0xc /home/afrendy/projdb/koding/atinom/modul/TOOLCHAIN/bin/../lib/gcc/arm-elf/4.1.0/../../../../arm-elf/lib/thumb/interwork/libg.a(errno.o)
                0x00002fd8                __errno
 .text          0x00002fe4       0x64 /home/afrendy/projdb/koding/atinom/modul/TOOLCHAIN/bin/../lib/gcc/arm-elf/4.1.0/../../../../arm-elf/lib/thumb/interwork/libg.a(memcpy.o)
                0x00002fe4                memcpy
 .text          0x00003048       0x64 /home/afrendy/projdb/koding/atinom/modul/TOOLCHAIN/bin/../lib/gcc/arm-elf/4.1.0/../../../../arm-elf/lib/thumb/interwork/libg.a(memset.o)
                0x00003048                memset
 .text          0x000030ac       0x88 /home/afrendy/projdb/koding/atinom/modul/TOOLCHAIN/bin/../lib/gcc/arm-elf/4.1.0/../../../../arm-elf/lib/thumb/interwork/libg.a(strncpy.o)
                0x000030ac                strncpy
 *(.rodata)
 .rodata        0x00003134        0x4 main.o
 .rodata        0x00003138        0x8 minimal/flash.o
 .rodata        0x00003140        0x8 source/tasks.o
 .rodata        0x00003148        0x2 source/portable/MemMang/heap_2.o
 *fill*         0x0000314a        0x2 00
 .rodata        0x0000314c       0x30 minimal/BlockQ.o
 .rodata        0x0000317c        0x4 /home/afrendy/projdb/koding/atinom/modul/TOOLCHAIN/bin/../lib/gcc/arm-elf/4.1.0/../../../../arm-elf/lib/thumb/interwork/libg.a(impure.o)
                0x0000317c                _global_impure_ptr
 *(.rodata*)
 .rodata.str1.4
                0x00003180        0x2 /home/afrendy/projdb/koding/atinom/modul/TOOLCHAIN/bin/../lib/gcc/arm-elf/4.1.0/../../../../arm-elf/lib/thumb/interwork/libg.a(impure.o)
                                  0x4 (size before relaxing)
 *(.glue_7)
 *fill*         0x00003182        0x2 00
 .glue_7        0x00003184       0x24 /home/afrendy/projdb/koding/atinom/modul/TOOLCHAIN/bin/../lib/gcc/arm-elf/4.1.0/../../../../arm-elf/lib/thumb/interwork/libg.a(strncpy.o)
                0x0000319c                __main_from_arm
                0x00003190                __vTaskIncrementTick_from_arm
                0x00003184                __vTaskSwitchContext_from_arm
 *(.glue_7t)
 .glue_7t       0x000031a8       0x20 /home/afrendy/projdb/koding/atinom/modul/TOOLCHAIN/bin/../lib/gcc/arm-elf/4.1.0/../../../../arm-elf/lib/thumb/interwork/libg.a(strncpy.o)
                0x000031ac                __vPortEnterCritical_change_to_arm
                0x000031b4                __vPortExitCritical_change_to_arm
                0x000031c0                __vPortISRStartFirstTask_from_thumb
                0x000031b8                __vPortDisableInterruptsFromThumb_from_thumb
                0x000031b0                __vPortExitCritical_from_thumb
                0x000031a8                __vPortEnterCritical_from_thumb
                0x000031c4                __vPortISRStartFirstTask_change_to_arm
                0x000031bc                __vPortDisableInterruptsFromThumb_change_to_arm
 *(.eh_frame)
                0x000031c8                __end_of_text__ = .

.data           0x40000000      0x410 load address 0x000031c8
                0x40000000                __data_beg__ = .
                0x000031c8                __data_beg_src__ = __end_of_text__
 *(.data)
 .data          0x40000000        0x4 source/portable/GCC/ARM7_LPC23xx/portISR.o
                0x40000000                ulCriticalNesting
 .data          0x40000004        0x4 source/tasks.o
 .data          0x40000008        0x4 source/portable/MemMang/heap_2.o
 .data          0x4000000c      0x404 /home/afrendy/projdb/koding/atinom/modul/TOOLCHAIN/bin/../lib/gcc/arm-elf/4.1.0/../../../../arm-elf/lib/thumb/interwork/libg.a(impure.o)
                0x4000000c                _impure_ptr
                0x40000410                __data_end__ = .

.bss            0x40000410     0x4928
                0x40000410                __bss_beg__ = .
 *(.bss)
 .bss           0x40000410        0x4 minimal/flash.o
 .bss           0x40000414       0xec source/tasks.o
                0x40000414                pxCurrentTCB
 .bss           0x40000500     0x4814 source/portable/MemMang/heap_2.o
 .bss           0x40004d14        0x4 syscalls.o
 .bss           0x40004d18       0x18 minimal/BlockQ.o
 COMMON         0x40004d30        0x8 main.o
                0x40004d30                tog
                0x40004d34                hdl_led
                0x40004d38                . = ALIGN (0x4)
                0x40004d38                _bss_end__ = .
                0x40004d38                __bss_end__ = .
                0x40004d38                __end__ = .

.usbram         0x7fd00000        0x0
                0x7fd00000                __usbram_beg__ = .
 *(.dmaram)
                0x7fd00000                __usbram_end__ = .

.ethram         0x7fe00000        0x0
                0x7fe00000                __ethram_beg__ = .
 *(.ethram)
                0x7fe00000                __ethram_end__ = .
                0x7fe00000                . = ALIGN (0x4)
                0x7fe00000                _end = .
                0x7fe00000                PROVIDE (end, .)
OUTPUT(RTOSDemo.elf elf32-littlearm)

.debug_abbrev   0x00000000     0x1058
 .debug_abbrev  0x00000000       0x76 source/portable/GCC/ARM7_LPC23xx/portISR.o
 .debug_abbrev  0x00000076      0x10d main.o
 .debug_abbrev  0x00000183       0x8b ./ParTest/ParTest.o
 .debug_abbrev  0x0000020e       0x8f minimal/flash.o
 .debug_abbrev  0x0000029d       0xe5 source/list.o
 .debug_abbrev  0x00000382      0x17c source/queue.o
 .debug_abbrev  0x000004fe      0x1b1 source/tasks.o
 .debug_abbrev  0x000006af       0xcd source/portable/GCC/ARM7_LPC23xx/port.o
 .debug_abbrev  0x0000077c      0x15d source/portable/MemMang/heap_2.o
 .debug_abbrev  0x000008d9      0x1a2 syscalls.o
 .debug_abbrev  0x00000a7b      0x157 minimal/BlockQ.o
 .debug_abbrev  0x00000bd2       0x10 /tmp/ccwMdFlV.o
 .debug_abbrev  0x00000be2      0x15f /home/afrendy/projdb/koding/atinom/modul/TOOLCHAIN/bin/../lib/gcc/arm-elf/4.1.0/../../../../arm-elf/lib/thumb/interwork/libg.a(errno.o)
 .debug_abbrev  0x00000d41      0x157 /home/afrendy/projdb/koding/atinom/modul/TOOLCHAIN/bin/../lib/gcc/arm-elf/4.1.0/../../../../arm-elf/lib/thumb/interwork/libg.a(impure.o)
 .debug_abbrev  0x00000e98       0x99 /home/afrendy/projdb/koding/atinom/modul/TOOLCHAIN/bin/../lib/gcc/arm-elf/4.1.0/../../../../arm-elf/lib/thumb/interwork/libg.a(memcpy.o)
 .debug_abbrev  0x00000f31       0x9a /home/afrendy/projdb/koding/atinom/modul/TOOLCHAIN/bin/../lib/gcc/arm-elf/4.1.0/../../../../arm-elf/lib/thumb/interwork/libg.a(memset.o)
 .debug_abbrev  0x00000fcb       0x8d /home/afrendy/projdb/koding/atinom/modul/TOOLCHAIN/bin/../lib/gcc/arm-elf/4.1.0/../../../../arm-elf/lib/thumb/interwork/libg.a(strncpy.o)

.debug_info     0x00000000     0x5dc6
 .debug_info    0x00000000      0x2a3 source/portable/GCC/ARM7_LPC23xx/portISR.o
 .debug_info    0x000002a3      0x29e main.o
 .debug_info    0x00000541      0x257 ./ParTest/ParTest.o
 .debug_info    0x00000798      0x26b minimal/flash.o
 .debug_info    0x00000a03      0x421 source/list.o
 .debug_info    0x00000e24      0xb22 source/queue.o
 .debug_info    0x00001946     0x128e source/tasks.o
 .debug_info    0x00002bd4      0x28d source/portable/GCC/ARM7_LPC23xx/port.o
 .debug_info    0x00002e61      0x446 source/portable/MemMang/heap_2.o
 .debug_info    0x000032a7      0xfe6 syscalls.o
 .debug_info    0x0000428d      0x53d minimal/BlockQ.o
 .debug_info    0x000047ca       0x80 /tmp/ccwMdFlV.o
 .debug_info    0x0000484a      0x913 /home/afrendy/projdb/koding/atinom/modul/TOOLCHAIN/bin/../lib/gcc/arm-elf/4.1.0/../../../../arm-elf/lib/thumb/interwork/libg.a(errno.o)
 .debug_info    0x0000515d      0x922 /home/afrendy/projdb/koding/atinom/modul/TOOLCHAIN/bin/../lib/gcc/arm-elf/4.1.0/../../../../arm-elf/lib/thumb/interwork/libg.a(impure.o)
 .debug_info    0x00005a7f      0x10e /home/afrendy/projdb/koding/atinom/modul/TOOLCHAIN/bin/../lib/gcc/arm-elf/4.1.0/../../../../arm-elf/lib/thumb/interwork/libg.a(memcpy.o)
 .debug_info    0x00005b8d      0x112 /home/afrendy/projdb/koding/atinom/modul/TOOLCHAIN/bin/../lib/gcc/arm-elf/4.1.0/../../../../arm-elf/lib/thumb/interwork/libg.a(memset.o)
 .debug_info    0x00005c9f      0x127 /home/afrendy/projdb/koding/atinom/modul/TOOLCHAIN/bin/../lib/gcc/arm-elf/4.1.0/../../../../arm-elf/lib/thumb/interwork/libg.a(strncpy.o)

.debug_line     0x00000000     0x1036
 .debug_line    0x00000000       0x7b source/portable/GCC/ARM7_LPC23xx/portISR.o
 .debug_line    0x0000007b       0x90 main.o
 .debug_line    0x0000010b       0x7b ./ParTest/ParTest.o
 .debug_line    0x00000186       0x8d minimal/flash.o
 .debug_line    0x00000213       0xb3 source/list.o
 .debug_line    0x000002c6      0x226 source/queue.o
 .debug_line    0x000004ec      0x25f source/tasks.o
 .debug_line    0x0000074b       0xb3 source/portable/GCC/ARM7_LPC23xx/port.o
 .debug_line    0x000007fe       0xe9 source/portable/MemMang/heap_2.o
 .debug_line    0x000008e7      0x176 syscalls.o
 .debug_line    0x00000a5d       0xdc minimal/BlockQ.o
 .debug_line    0x00000b39       0x78 /tmp/ccwMdFlV.o
 .debug_line    0x00000bb1      0x113 /home/afrendy/projdb/koding/atinom/modul/TOOLCHAIN/bin/../lib/gcc/arm-elf/4.1.0/../../../../arm-elf/lib/thumb/interwork/libg.a(errno.o)
 .debug_line    0x00000cc4      0x104 /home/afrendy/projdb/koding/atinom/modul/TOOLCHAIN/bin/../lib/gcc/arm-elf/4.1.0/../../../../arm-elf/lib/thumb/interwork/libg.a(impure.o)
 .debug_line    0x00000dc8       0xc9 /home/afrendy/projdb/koding/atinom/modul/TOOLCHAIN/bin/../lib/gcc/arm-elf/4.1.0/../../../../arm-elf/lib/thumb/interwork/libg.a(memcpy.o)
 .debug_line    0x00000e91       0xd5 /home/afrendy/projdb/koding/atinom/modul/TOOLCHAIN/bin/../lib/gcc/arm-elf/4.1.0/../../../../arm-elf/lib/thumb/interwork/libg.a(memset.o)
 .debug_line    0x00000f66       0xd0 /home/afrendy/projdb/koding/atinom/modul/TOOLCHAIN/bin/../lib/gcc/arm-elf/4.1.0/../../../../arm-elf/lib/thumb/interwork/libg.a(strncpy.o)

.debug_frame    0x00000000      0x99c
 .debug_frame   0x00000000       0x80 source/portable/GCC/ARM7_LPC23xx/portISR.o
 .debug_frame   0x00000080       0xac main.o
 .debug_frame   0x0000012c       0x5c ./ParTest/ParTest.o
 .debug_frame   0x00000188       0x40 minimal/flash.o
 .debug_frame   0x000001c8       0x74 source/list.o
 .debug_frame   0x0000023c      0x1b0 source/queue.o
 .debug_frame   0x000003ec      0x304 source/tasks.o
 .debug_frame   0x000006f0       0x60 source/portable/GCC/ARM7_LPC23xx/port.o
 .debug_frame   0x00000750       0x74 source/portable/MemMang/heap_2.o
 .debug_frame   0x000007c4       0xbc syscalls.o
 .debug_frame   0x00000880       0x78 minimal/BlockQ.o
 .debug_frame   0x000008f8       0x20 /home/afrendy/projdb/koding/atinom/modul/TOOLCHAIN/bin/../lib/gcc/arm-elf/4.1.0/../../../../arm-elf/lib/thumb/interwork/libg.a(errno.o)
 .debug_frame   0x00000918       0x28 /home/afrendy/projdb/koding/atinom/modul/TOOLCHAIN/bin/../lib/gcc/arm-elf/4.1.0/../../../../arm-elf/lib/thumb/interwork/libg.a(memcpy.o)
 .debug_frame   0x00000940       0x2c /home/afrendy/projdb/koding/atinom/modul/TOOLCHAIN/bin/../lib/gcc/arm-elf/4.1.0/../../../../arm-elf/lib/thumb/interwork/libg.a(memset.o)
 .debug_frame   0x0000096c       0x30 /home/afrendy/projdb/koding/atinom/modul/TOOLCHAIN/bin/../lib/gcc/arm-elf/4.1.0/../../../../arm-elf/lib/thumb/interwork/libg.a(strncpy.o)

.debug_pubnames
                0x00000000      0x849
 .debug_pubnames
                0x00000000       0xe6 source/portable/GCC/ARM7_LPC23xx/portISR.o
 .debug_pubnames
                0x000000e6       0x6c main.o
 .debug_pubnames
                0x00000152       0x66 ./ParTest/ParTest.o
 .debug_pubnames
                0x000001b8       0x2a minimal/flash.o
 .debug_pubnames
                0x000001e2       0x72 source/list.o
 .debug_pubnames
                0x00000254      0x145 source/queue.o
 .debug_pubnames
                0x00000399      0x277 source/tasks.o
 .debug_pubnames
                0x00000610       0x5a source/portable/GCC/ARM7_LPC23xx/port.o
 .debug_pubnames
                0x0000066a       0x64 source/portable/MemMang/heap_2.o
 .debug_pubnames
                0x000006ce       0x7a syscalls.o
 .debug_pubnames
                0x00000748       0x52 minimal/BlockQ.o
 .debug_pubnames
                0x0000079a       0x1e /home/afrendy/projdb/koding/atinom/modul/TOOLCHAIN/bin/../lib/gcc/arm-elf/4.1.0/../../../../arm-elf/lib/thumb/interwork/libg.a(errno.o)
 .debug_pubnames
                0x000007b8       0x39 /home/afrendy/projdb/koding/atinom/modul/TOOLCHAIN/bin/../lib/gcc/arm-elf/4.1.0/../../../../arm-elf/lib/thumb/interwork/libg.a(impure.o)
 .debug_pubnames
                0x000007f1       0x1d /home/afrendy/projdb/koding/atinom/modul/TOOLCHAIN/bin/../lib/gcc/arm-elf/4.1.0/../../../../arm-elf/lib/thumb/interwork/libg.a(memcpy.o)
 .debug_pubnames
                0x0000080e       0x1d /home/afrendy/projdb/koding/atinom/modul/TOOLCHAIN/bin/../lib/gcc/arm-elf/4.1.0/../../../../arm-elf/lib/thumb/interwork/libg.a(memset.o)
 .debug_pubnames
                0x0000082b       0x1e /home/afrendy/projdb/koding/atinom/modul/TOOLCHAIN/bin/../lib/gcc/arm-elf/4.1.0/../../../../arm-elf/lib/thumb/interwork/libg.a(strncpy.o)

.debug_aranges  0x00000000      0x208
 .debug_aranges
                0x00000000       0x20 source/portable/GCC/ARM7_LPC23xx/portISR.o
 .debug_aranges
                0x00000020       0x20 main.o
 .debug_aranges
                0x00000040       0x20 ./ParTest/ParTest.o
 .debug_aranges
                0x00000060       0x20 minimal/flash.o
 .debug_aranges
                0x00000080       0x20 source/list.o
 .debug_aranges
                0x000000a0       0x20 source/queue.o
 .debug_aranges
                0x000000c0       0x20 source/tasks.o
 .debug_aranges
                0x000000e0       0x20 source/portable/GCC/ARM7_LPC23xx/port.o
 .debug_aranges
                0x00000100       0x20 source/portable/MemMang/heap_2.o
 .debug_aranges
                0x00000120       0x20 syscalls.o
 .debug_aranges
                0x00000140       0x20 minimal/BlockQ.o
 .debug_aranges
                0x00000160       0x28 /tmp/ccwMdFlV.o
 .debug_aranges
                0x00000188       0x20 /home/afrendy/projdb/koding/atinom/modul/TOOLCHAIN/bin/../lib/gcc/arm-elf/4.1.0/../../../../arm-elf/lib/thumb/interwork/libg.a(errno.o)
 .debug_aranges
                0x000001a8       0x20 /home/afrendy/projdb/koding/atinom/modul/TOOLCHAIN/bin/../lib/gcc/arm-elf/4.1.0/../../../../arm-elf/lib/thumb/interwork/libg.a(memcpy.o)
 .debug_aranges
                0x000001c8       0x20 /home/afrendy/projdb/koding/atinom/modul/TOOLCHAIN/bin/../lib/gcc/arm-elf/4.1.0/../../../../arm-elf/lib/thumb/interwork/libg.a(memset.o)
 .debug_aranges
                0x000001e8       0x20 /home/afrendy/projdb/koding/atinom/modul/TOOLCHAIN/bin/../lib/gcc/arm-elf/4.1.0/../../../../arm-elf/lib/thumb/interwork/libg.a(strncpy.o)

.debug_str      0x00000000      0x9c8
 .debug_str     0x00000000       0x12 source/portable/GCC/ARM7_LPC23xx/portISR.o
 .debug_str     0x00000012       0x12 main.o
 .debug_str     0x00000024       0x12 ./ParTest/ParTest.o
 .debug_str     0x00000036       0x12 minimal/flash.o
 .debug_str     0x00000048       0x3d source/list.o
 .debug_str     0x00000085       0xe4 source/queue.o
 .debug_str     0x00000169       0xfd source/tasks.o
 .debug_str     0x00000266       0x12 source/portable/GCC/ARM7_LPC23xx/port.o
 .debug_str     0x00000278       0x28 source/portable/MemMang/heap_2.o
 .debug_str     0x000002a0       0x20 syscalls.o
 .debug_str     0x000002c0       0x4f minimal/BlockQ.o
 .debug_str     0x0000030f      0x47f /home/afrendy/projdb/koding/atinom/modul/TOOLCHAIN/bin/../lib/gcc/arm-elf/4.1.0/../../../../arm-elf/lib/thumb/interwork/libg.a(errno.o)
                                0x4cb (size before relaxing)
 .debug_str     0x0000078e       0xb9 /home/afrendy/projdb/koding/atinom/modul/TOOLCHAIN/bin/../lib/gcc/arm-elf/4.1.0/../../../../arm-elf/lib/thumb/interwork/libg.a(impure.o)
                                0x4e3 (size before relaxing)
 .debug_str     0x00000847       0xd1 /home/afrendy/projdb/koding/atinom/modul/TOOLCHAIN/bin/../lib/gcc/arm-elf/4.1.0/../../../../arm-elf/lib/thumb/interwork/libg.a(memcpy.o)
                                 0xfd (size before relaxing)
 .debug_str     0x00000918       0x61 /home/afrendy/projdb/koding/atinom/modul/TOOLCHAIN/bin/../lib/gcc/arm-elf/4.1.0/../../../../arm-elf/lib/thumb/interwork/libg.a(memset.o)
                                0x147 (size before relaxing)
 .debug_str     0x00000979       0x4f /home/afrendy/projdb/koding/atinom/modul/TOOLCHAIN/bin/../lib/gcc/arm-elf/4.1.0/../../../../arm-elf/lib/thumb/interwork/libg.a(strncpy.o)
                                0x15d (size before relaxing)

.comment        0x00000000      0x120
 .comment       0x00000000       0x12 source/portable/GCC/ARM7_LPC23xx/portISR.o
 .comment       0x00000012       0x12 main.o
 .comment       0x00000024       0x12 ./ParTest/ParTest.o
 .comment       0x00000036       0x12 minimal/flash.o
 .comment       0x00000048       0x12 source/list.o
 .comment       0x0000005a       0x12 source/queue.o
 .comment       0x0000006c       0x12 source/tasks.o
 .comment       0x0000007e       0x12 source/portable/GCC/ARM7_LPC23xx/port.o
 .comment       0x00000090       0x12 source/portable/MemMang/heap_2.o
 .comment       0x000000a2       0x12 syscalls.o
 .comment       0x000000b4       0x12 minimal/BlockQ.o
 .comment       0x000000c6       0x12 /home/afrendy/projdb/koding/atinom/modul/TOOLCHAIN/bin/../lib/gcc/arm-elf/4.1.0/../../../../arm-elf/lib/thumb/interwork/libg.a(errno.o)
 .comment       0x000000d8       0x12 /home/afrendy/projdb/koding/atinom/modul/TOOLCHAIN/bin/../lib/gcc/arm-elf/4.1.0/../../../../arm-elf/lib/thumb/interwork/libg.a(impure.o)
 .comment       0x000000ea       0x12 /home/afrendy/projdb/koding/atinom/modul/TOOLCHAIN/bin/../lib/gcc/arm-elf/4.1.0/../../../../arm-elf/lib/thumb/interwork/libg.a(memcpy.o)
 .comment       0x000000fc       0x12 /home/afrendy/projdb/koding/atinom/modul/TOOLCHAIN/bin/../lib/gcc/arm-elf/4.1.0/../../../../arm-elf/lib/thumb/interwork/libg.a(memset.o)
 .comment       0x0000010e       0x12 /home/afrendy/projdb/koding/atinom/modul/TOOLCHAIN/bin/../lib/gcc/arm-elf/4.1.0/../../../../arm-elf/lib/thumb/interwork/libg.a(strncpy.o)

.debug_loc      0x00000000     0x1072
 .debug_loc     0x00000000       0xd2 main.o
 .debug_loc     0x000000d2       0x5d ./ParTest/ParTest.o
 .debug_loc     0x0000012f       0x56 minimal/flash.o
 .debug_loc     0x00000185       0x9b source/list.o
 .debug_loc     0x00000220      0x2b7 source/queue.o
 .debug_loc     0x000004d7      0x4c2 source/tasks.o
 .debug_loc     0x00000999       0x5d source/portable/GCC/ARM7_LPC23xx/port.o
 .debug_loc     0x000009f6       0x75 source/portable/MemMang/heap_2.o
 .debug_loc     0x00000a6b      0x115 syscalls.o
 .debug_loc     0x00000b80       0xa1 minimal/BlockQ.o
 .debug_loc     0x00000c21      0x151 /home/afrendy/projdb/koding/atinom/modul/TOOLCHAIN/bin/../lib/gcc/arm-elf/4.1.0/../../../../arm-elf/lib/thumb/interwork/libg.a(memcpy.o)
 .debug_loc     0x00000d72      0x15f /home/afrendy/projdb/koding/atinom/modul/TOOLCHAIN/bin/../lib/gcc/arm-elf/4.1.0/../../../../arm-elf/lib/thumb/interwork/libg.a(memset.o)
 .debug_loc     0x00000ed1      0x1a1 /home/afrendy/projdb/koding/atinom/modul/TOOLCHAIN/bin/../lib/gcc/arm-elf/4.1.0/../../../../arm-elf/lib/thumb/interwork/libg.a(strncpy.o)
