Archive member included because of file (symbol)

/home/afrendy/projdb/koding/atinom/modul/TOOLCHAIN/bin/../lib/gcc/arm-elf/4.1.0/thumb/interwork/libgcc.a(_udivsi3.o)
                              ./LCD/portlcd.o (__udivsi3)
/home/afrendy/projdb/koding/atinom/modul/TOOLCHAIN/bin/../lib/gcc/arm-elf/4.1.0/thumb/interwork/libgcc.a(_divsi3.o)
                              ../../Common/Minimal/integer.o (__divsi3)
/home/afrendy/projdb/koding/atinom/modul/TOOLCHAIN/bin/../lib/gcc/arm-elf/4.1.0/thumb/interwork/libgcc.a(_dvmd_tls.o)
                              /home/afrendy/projdb/koding/atinom/modul/TOOLCHAIN/bin/../lib/gcc/arm-elf/4.1.0/thumb/interwork/libgcc.a(_udivsi3.o) (__div0)
/home/afrendy/projdb/koding/atinom/modul/TOOLCHAIN/bin/../lib/gcc/arm-elf/4.1.0/../../../../arm-elf/lib/thumb/interwork/libg.a(errno.o)
                              syscalls.o (__errno)
/home/afrendy/projdb/koding/atinom/modul/TOOLCHAIN/bin/../lib/gcc/arm-elf/4.1.0/../../../../arm-elf/lib/thumb/interwork/libg.a(impure.o)
                              /home/afrendy/projdb/koding/atinom/modul/TOOLCHAIN/bin/../lib/gcc/arm-elf/4.1.0/../../../../arm-elf/lib/thumb/interwork/libg.a(errno.o) (_impure_ptr)
/home/afrendy/projdb/koding/atinom/modul/TOOLCHAIN/bin/../lib/gcc/arm-elf/4.1.0/../../../../arm-elf/lib/thumb/interwork/libg.a(memcpy.o)
                              ./webserver/httpd.o (memcpy)
/home/afrendy/projdb/koding/atinom/modul/TOOLCHAIN/bin/../lib/gcc/arm-elf/4.1.0/../../../../arm-elf/lib/thumb/interwork/libg.a(memset.o)
                              ../../Common/ethernet/uIP/uip-1.0/uip/uip_arp.o (memset)
/home/afrendy/projdb/koding/atinom/modul/TOOLCHAIN/bin/../lib/gcc/arm-elf/4.1.0/../../../../arm-elf/lib/thumb/interwork/libg.a(puts.o)
                              ../../Common/ethernet/uIP/uip-1.0/uip/psock.o (puts)
/home/afrendy/projdb/koding/atinom/modul/TOOLCHAIN/bin/../lib/gcc/arm-elf/4.1.0/../../../../arm-elf/lib/thumb/interwork/libg.a(snprintf.o)
                              ./webserver/httpd-cgi.o (snprintf)
/home/afrendy/projdb/koding/atinom/modul/TOOLCHAIN/bin/../lib/gcc/arm-elf/4.1.0/../../../../arm-elf/lib/thumb/interwork/libg.a(sprintf.o)
                              ./webserver/httpd-cgi.o (sprintf)
/home/afrendy/projdb/koding/atinom/modul/TOOLCHAIN/bin/../lib/gcc/arm-elf/4.1.0/../../../../arm-elf/lib/thumb/interwork/libg.a(strcat.o)
                              ./webserver/httpd-cgi.o (strcat)
/home/afrendy/projdb/koding/atinom/modul/TOOLCHAIN/bin/../lib/gcc/arm-elf/4.1.0/../../../../arm-elf/lib/thumb/interwork/libg.a(strchr.o)
                              ./webserver/uIP_Task.o (strchr)
/home/afrendy/projdb/koding/atinom/modul/TOOLCHAIN/bin/../lib/gcc/arm-elf/4.1.0/../../../../arm-elf/lib/thumb/interwork/libg.a(strcpy.o)
                              ./webserver/uIP_Task.o (strcpy)
/home/afrendy/projdb/koding/atinom/modul/TOOLCHAIN/bin/../lib/gcc/arm-elf/4.1.0/../../../../arm-elf/lib/thumb/interwork/libg.a(strlen.o)
                              ./webserver/httpd.o (strlen)
/home/afrendy/projdb/koding/atinom/modul/TOOLCHAIN/bin/../lib/gcc/arm-elf/4.1.0/../../../../arm-elf/lib/thumb/interwork/libg.a(strncmp.o)
                              ./webserver/httpd.o (strncmp)
/home/afrendy/projdb/koding/atinom/modul/TOOLCHAIN/bin/../lib/gcc/arm-elf/4.1.0/../../../../arm-elf/lib/thumb/interwork/libg.a(strncpy.o)
                              ./webserver/httpd.o (strncpy)
/home/afrendy/projdb/koding/atinom/modul/TOOLCHAIN/bin/../lib/gcc/arm-elf/4.1.0/../../../../arm-elf/lib/thumb/interwork/libg.a(strrchr.o)
                              ./webserver/httpd.o (strrchr)
/home/afrendy/projdb/koding/atinom/modul/TOOLCHAIN/bin/../lib/gcc/arm-elf/4.1.0/../../../../arm-elf/lib/thumb/interwork/libg.a(strstr.o)
                              ./webserver/uIP_Task.o (strstr)
/home/afrendy/projdb/koding/atinom/modul/TOOLCHAIN/bin/../lib/gcc/arm-elf/4.1.0/../../../../arm-elf/lib/thumb/interwork/libg.a(vfprintf.o)
                              /home/afrendy/projdb/koding/atinom/modul/TOOLCHAIN/bin/../lib/gcc/arm-elf/4.1.0/../../../../arm-elf/lib/thumb/interwork/libg.a(snprintf.o) (_vfprintf_r)
/home/afrendy/projdb/koding/atinom/modul/TOOLCHAIN/bin/../lib/gcc/arm-elf/4.1.0/../../../../arm-elf/lib/thumb/interwork/libg.a(wcrtomb.o)
                              /home/afrendy/projdb/koding/atinom/modul/TOOLCHAIN/bin/../lib/gcc/arm-elf/4.1.0/../../../../arm-elf/lib/thumb/interwork/libg.a(vfprintf.o) (_wcrtomb_r)
/home/afrendy/projdb/koding/atinom/modul/TOOLCHAIN/bin/../lib/gcc/arm-elf/4.1.0/../../../../arm-elf/lib/thumb/interwork/libg.a(wcsrtombs.o)
                              /home/afrendy/projdb/koding/atinom/modul/TOOLCHAIN/bin/../lib/gcc/arm-elf/4.1.0/../../../../arm-elf/lib/thumb/interwork/libg.a(vfprintf.o) (_wcsrtombs_r)
/home/afrendy/projdb/koding/atinom/modul/TOOLCHAIN/bin/../lib/gcc/arm-elf/4.1.0/../../../../arm-elf/lib/thumb/interwork/libg.a(wctomb_r.o)
[...]
Memory Configuration

Name             Origin             Length             Attributes
flash            0x00000000         0x0007d000
ram              0x40000000         0x00010000
usbram           0x7fd00000         0x00002000
ethram           0x7fe00000         0x00004000
*default*        0x00000000         0xffffffff

Linker script and memory map

LOAD ../../../Source/portable/GCC/ARM7_LPC23xx/portISR.o
LOAD ./webserver/EMAC_ISR.o
LOAD main.o
LOAD ./ParTest/ParTest.o
LOAD ./LCD/portlcd.o
LOAD ../../Common/Minimal/BlockQ.o
LOAD ../../Common/Minimal/blocktim.o
LOAD ../../Common/Minimal/flash.o
LOAD ../../Common/Minimal/integer.o
LOAD ../../Common/Minimal/GenQTest.o
LOAD ../../Common/Minimal/QPeek.o
LOAD ../../Common/Minimal/dynamic.o
LOAD ./webserver/uIP_Task.o
LOAD ./webserver/emac.o
LOAD ./webserver/httpd.o
LOAD ./webserver/httpd-cgi.o
LOAD ./webserver/httpd-fs.o
LOAD ./webserver/http-strings.o
LOAD ../../Common/ethernet/uIP/uip-1.0/uip/uip_arp.o
LOAD ../../Common/ethernet/uIP/uip-1.0/uip/psock.o
LOAD ../../Common/ethernet/uIP/uip-1.0/uip/timer.o
LOAD ../../Common/ethernet/uIP/uip-1.0/uip/uip.o
LOAD ../../../Source/list.o
LOAD ../../../Source/queue.o
LOAD ../../../Source/tasks.o
LOAD ../../../Source/portable/GCC/ARM7_LPC23xx/port.o
LOAD ../../../Source/portable/MemMang/heap_2.o
LOAD syscalls.o
LOAD /tmp/ccF3NtYT.o
START GROUP
LOAD /home/afrendy/projdb/koding/atinom/modul/TOOLCHAIN/bin/../lib/gcc/arm-elf/4.1.0/thumb/interwork/libgcc.a
LOAD /home/afrendy/projdb/koding/atinom/modul/TOOLCHAIN/bin/../lib/gcc/arm-elf/4.1.0/../../../../arm-elf/lib/thumb/interwork/libg.a
LOAD /home/afrendy/projdb/koding/atinom/modul/TOOLCHAIN/bin/../lib/gcc/arm-elf/4.1.0/../../../../arm-elf/lib/thumb/interwork/libc.a
END GROUP
                0x40007ffc                __stack_end__ = 0x40007ffc
                0x00000000                . = 0x0

startup         0x00000000       0x44
 *(.startup)
 .startup       0x00000000       0x44 /tmp/ccF3NtYT.o

prog            0x00000044    0x1227c
 *(.text)
 .text          0x00000044      0x1e0 ../../../Source/portable/GCC/ARM7_LPC23xx/portISR.o
                0x000001cc                vPortExitCritical
                0x00000090                vPortYieldProcessor
                0x0000016c                vPortDisableInterruptsFromThumb
                0x0000013c                vNonPreemptiveTick
                0x00000044                vPortISRStartFirstTask
                0x00000184                vPortEnableInterruptsFromThumb
                0x0000019c                vPortEnterCritical
 .text          0x00000224      0x120 ./webserver/EMAC_ISR.o
                0x00000294                vEMAC_ISR_Wrapper
                0x00000224                vEMAC_ISR_Handler
 .text          0x00000344      0x33c main.o
                0x00000514                togle_led_utama
                0x000003b4                led_blink
                0x0000044c                vApplicationTickHook
                0x00000344                dummy_del
                0x000003e0                main
 .text          0x00000680      0x130 ./ParTest/ParTest.o
                0x00000724                vParTestToggleLED
                0x000006d8                vParTestSetLED
                0x00000780                uxParTextGetLED
                0x00000680                vParTestInitialise
 .text          0x000007b0      0x3c0 ./LCD/portlcd.o
                0x0000093c                LCD_init
                0x000009b4                LCD_load
                0x00000ac8                LCD_puts
                0x00000afc                LCD_bargraph
                0x00000a84                LCD_on
                0x00000a90                LCD_putc
                0x00000a00                LCD_gotoxy
                0x00000a78                LCD_cur_off
                0x00000a64                LCD_cls
 .text          0x00000b70      0x478 ../../Common/Minimal/BlockQ.o
                0x00000b70                vStartBlockingQueueTasks
                0x00000f28                xAreBlockingQueuesStillRunning
 .text          0x00000fe8      0x538 ../../Common/Minimal/blocktim.o
                0x000014b8                xAreBlockTimeTestTasksStillRunning
                0x00000fe8                vCreateBlockTimeTasks
 .text          0x00001520       0xfc ../../Common/Minimal/flash.o
                0x00001520                vStartLEDFlashTasks
 .text          0x0000161c      0x16c ../../Common/Minimal/integer.o
                0x0000161c                vStartIntegerMathTasks
                0x00001724                xAreIntegerMathsTaskStillRunning
 .text          0x00001788      0x6a4 ../../Common/Minimal/GenQTest.o
                0x00001dc8                xAreGenericQueueTasksStillRunning
                0x00001788                vStartGenericQueueTasks
 .text          0x00001e2c      0x4ac ../../Common/Minimal/QPeek.o
                0x00002298                xAreQueuePeekTasksStillRunning
                0x00001e2c                vStartQueuePeekTasks
 .text          0x000022d8      0x3b4 ../../Common/Minimal/dynamic.o
                0x000022d8                vStartDynamicPriorityTasks
                0x0000262c                xAreDynamicPriorityTasksStillRunning
 .text          0x0000268c      0x41c ./webserver/uIP_Task.o
                0x0000268c                clock_init
                0x00002954                vApplicationProcessFormInput
                0x000026a4                vuIP_Task
                0x00002690                clock_time
 .text          0x00002aa8      0x818 ./webserver/emac.o
                0x000031f4                WriteFrame_EMAC
                0x000030b4                StartReadFrame
                0x00002fdc                ReadFrame_EMAC
                0x0000316c                uiGetEMACRxData
                0x00002adc                write_PHY
                0x00003028                CopyFromFrame_EMAC
                0x00002b40                read_PHY
                0x00003110                EndReadFrame
                0x00002ff4                ReadFrameBE_EMAC
                0x000031ec                Rdy4Tx
                0x00002bb8                rx_descr_init
                0x0000308c                DummyReadFrame_EMAC
                0x00003214                CopyToFrame_EMAC
                0x00002c68                tx_descr_init
                0x0000326c                DoSend_EMAC
                0x00002d00                Init_EMAC
                0x00003144                CheckFrameReceived
                0x000031c0                RequestSend
 .text          0x000032c0      0xc70 ./webserver/httpd.o
                0x00003f1c                httpd_init
                0x00003e1c                httpd_appcall
 .text          0x00003f30      0x6dc ./webserver/httpd-cgi.o
                0x00003f5c                httpd_cgi
 .text          0x0000460c      0x1ec ./webserver/httpd-fs.o
                0x00004744                httpd_fs_init
                0x000046a4                httpd_fs_open
                0x00004780                httpd_fs_count
 .text          0x000047f8      0x7e0 ../../Common/ethernet/uIP/uip-1.0/uip/uip_arp.o
                0x00004d48                uip_arp_out
                0x00004b10                uip_arp_arpin
                0x0000483c                uip_arp_timer
                0x000047f8                uip_arp_init
                0x00004a84                uip_arp_ipin
 .text          0x00004fd8      0x7e8 ../../Common/ethernet/uIP/uip-1.0/uip/psock.o
                0x00005434                psock_generator_send
                0x00005538                psock_newdata
                0x00005510                psock_datalen
                0x00005380                psock_send
                0x00005680                psock_readbuf
                0x00005770                psock_init
                0x00005590                psock_readto
 .text          0x000057c0       0x98 ../../Common/ethernet/uIP/uip-1.0/uip/timer.o
                0x00005824                timer_expired
                0x000057c0                timer_set
                0x00005808                timer_restart
                0x000057e8                timer_reset
 .text          0x00005858     0x1ca8 ../../Common/ethernet/uIP/uip-1.0/uip/uip.o
                0x00005dbc                uip_unlisten
                0x00005870                uip_add32
                0x00005eb4                uip_process
                0x00005a70                uip_ipchksum
                0x00005e10                uip_listen
                0x00005b84                uip_tcpchksum
                0x00005c24                uip_connect
                0x00005a34                uip_chksum
                0x00007478                htons
                0x00005bac                uip_init
                0x00005858                uip_setipid
                0x00005b98                uip_udpchksum
                0x000074a8                uip_send
 .text          0x00007500      0x1c4 ../../../Source/list.o
                0x0000755c                vListInsertEnd
                0x00007548                vListInitialiseItem
                0x00007500                vListInitialise
                0x0000765c                uxListRemove
                0x000075c4                vListInsert
 .text          0x000076c4      0xa18 ../../../Source/queue.o
                0x00007a34                xQueueGenericSendFromISR
                0x00007d8c                vQueueDelete
                0x000078e8                xQueueGenericSend
                0x00007db8                ucQueueGetQueueNumber
                0x00007dec                ucQueueGetQueueType
                0x00007ca0                xQueueReceiveFromISR
                0x0000778c                xQueueGenericCreate
                0x00007dd0                vQueueSetQueueNumber
                0x000080ac                xQueueIsQueueFullFromISR
                0x00007d48                uxQueueMessagesWaiting
                0x00007adc                xQueueGenericReceive
                0x000076c4                xQueueGenericReset
                0x00007d70                uxQueueMessagesWaitingFromISR
                0x00008048                xQueueIsQueueEmptyFromISR
                0x0000783c                xQueueCreateMutex
 .text          0x000080dc     0x140c ../../../Source/tasks.o
                0x000083a0                uxTaskPriorityGet
                0x000083e8                vTaskPrioritySet
                0x00008828                vTaskEndScheduler
                0x00008cc4                vTaskPlaceOnEventList
                0x000080dc                xTaskGenericCreate
                0x000085f0                xTaskIsTaskSuspended
                0x000086ec                xTaskResumeFromISR
                0x0000895c                xTaskGetTickCount
                0x00008d34                xTaskRemoveFromEventList
                0x00008290                vTaskDelete
                0x00008e20                xTaskCheckForTimeOut
                0x00008840                vTaskSuspendAll
                0x00008980                xTaskGetTickCountFromISR
                0x0000944c                vTaskPriorityDisinherit
                0x00009380                vTaskPriorityInherit
                0x00008644                vTaskResume
                0x00008c24                vTaskSwitchContext
                0x00008f08                vTaskSetTaskNumber
                0x0000853c                vTaskSuspend
                0x000089a0                uxTaskGetNumberOfTasks
                0x00008ac8                vTaskIncrementTick
                0x000089ac                vTaskList
                0x00008ed4                uxTaskGetTaskNumber
                0x00009368                xTaskGetCurrentTaskHandle
                0x00008850                xTaskResumeAll
                0x000087c0                vTaskStartScheduler
                0x00008ec8                vTaskMissedYield
                0x00008340                vTaskDelay
                0x00008df8                vTaskSetTimeOutState
 .text          0x000094e8      0x258 ../../../Source/portable/GCC/ARM7_LPC23xx/port.o
                0x000096a8                xPortStartScheduler
                0x000096bc                vPortEndScheduler
                0x000094e8                pxPortInitialiseStack
 .text          0x00009740      0x298 ../../../Source/portable/MemMang/heap_2.o
                0x00009970                xPortGetFreeHeapSize
                0x000098d0                vPortFree
                0x00009740                pvPortMalloc
                0x0000997c                vPortInitialiseBlocks
 .text          0x000099d8      0x1b4 syscalls.o
                0x00009b68                _isatty_r
                0x00009a24                _lseek_r
                0x00009b24                _fstat_r
                0x00009ab4                _sbrk_r
                0x000099d8                _read_r
                0x00009aa0                _close_r
                0x00009a64                _write_r
 .text          0x00009b8c       0xc4 /tmp/ccF3NtYT.o
                0x00009b8c                start
                0x00009c34                endless_loop
 .text          0x00009c50       0x8c /home/afrendy/projdb/koding/atinom/modul/TOOLCHAIN/bin/../lib/gcc/arm-elf/4.1.0/thumb/interwork/libgcc.a(_udivsi3.o)
                0x00009c50                __udivsi3
                0x00009c50                __aeabi_uidiv
                0x00009ccc                __aeabi_uidivmod
 .text          0x00009cdc       0xa4 /home/afrendy/projdb/koding/atinom/modul/TOOLCHAIN/bin/../lib/gcc/arm-elf/4.1.0/thumb/interwork/libgcc.a(_divsi3.o)
                0x00009cdc                __aeabi_idiv
                0x00009cdc                __divsi3
                0x00009d70                __aeabi_idivmod
 .text          0x00009d80        0x4 /home/afrendy/projdb/koding/atinom/modul/TOOLCHAIN/bin/../lib/gcc/arm-elf/4.1.0/thumb/interwork/libgcc.a(_dvmd_tls.o)
                0x00009d80                __aeabi_ldiv0
                0x00009d80                __div0
                0x00009d80                __aeabi_idiv0
 .text          0x00009d84        0xc /home/afrendy/projdb/koding/atinom/modul/TOOLCHAIN/bin/../lib/gcc/arm-elf/4.1.0/../../../../arm-elf/lib/thumb/interwork/libg.a(errno.o)
                0x00009d84                __errno
 .text          0x00009d90       0x64 /home/afrendy/projdb/koding/atinom/modul/TOOLCHAIN/bin/../lib/gcc/arm-elf/4.1.0/../../../../arm-elf/lib/thumb/interwork/libg.a(memcpy.o)
                0x00009d90                memcpy
 .text          0x00009df4       0x64 /home/afrendy/projdb/koding/atinom/modul/TOOLCHAIN/bin/../lib/gcc/arm-elf/4.1.0/../../../../arm-elf/lib/thumb/interwork/libg.a(memset.o)
                0x00009df4                memset
 .text          0x00009e58       0x5c /home/afrendy/projdb/koding/atinom/modul/TOOLCHAIN/bin/../lib/gcc/arm-elf/4.1.0/../../../../arm-elf/lib/thumb/interwork/libg.a(puts.o)
                0x00009e58                _puts_r
                0x00009ea0                puts
 .text          0x00009eb4       0xbc /home/afrendy/projdb/koding/atinom/modul/TOOLCHAIN/bin/../lib/gcc/arm-elf/4.1.0/../../../../arm-elf/lib/thumb/interwork/libg.a(snprintf.o)
                0x00009eb4                snprintf
                0x00009f18                _snprintf_r
 .text          0x00009f70       0x84 /home/afrendy/projdb/koding/atinom/modul/TOOLCHAIN/bin/../lib/gcc/arm-elf/4.1.0/../../../../arm-elf/lib/thumb/interwork/libg.a(sprintf.o)
                0x00009fb4                _sprintf_r
                0x00009f70                sprintf
 .text          0x00009ff4       0x58 /home/afrendy/projdb/koding/atinom/modul/TOOLCHAIN/bin/../lib/gcc/arm-elf/4.1.0/../../../../arm-elf/lib/thumb/interwork/libg.a(strcat.o)
                0x00009ff4                strcat
 .text          0x0000a04c       0x7c /home/afrendy/projdb/koding/atinom/modul/TOOLCHAIN/bin/../lib/gcc/arm-elf/4.1.0/../../../../arm-elf/lib/thumb/interwork/libg.a(strchr.o)
                0x0000a04c                strchr
 .text          0x0000a0c8       0x50 /home/afrendy/projdb/koding/atinom/modul/TOOLCHAIN/bin/../lib/gcc/arm-elf/4.1.0/../../../../arm-elf/lib/thumb/interwork/libg.a(strcpy.o)
                0x0000a0c8                strcpy
 .text          0x0000a118       0x50 /home/afrendy/projdb/koding/atinom/modul/TOOLCHAIN/bin/../lib/gcc/arm-elf/4.1.0/../../../../arm-elf/lib/thumb/interwork/libg.a(strlen.o)
                0x0000a118                strlen
 .text          0x0000a168       0xb4 /home/afrendy/projdb/koding/atinom/modul/TOOLCHAIN/bin/../lib/gcc/arm-elf/4.1.0/../../../../arm-elf/lib/thumb/interwork/libg.a(strncmp.o)
                0x0000a168                strncmp
 .text          0x0000a21c       0x88 /home/afrendy/projdb/koding/atinom/modul/TOOLCHAIN/bin/../lib/gcc/arm-elf/4.1.0/../../../../arm-elf/lib/thumb/interwork/libg.a(strncpy.o)
                0x0000a21c                strncpy
 .text          0x0000a2a4       0x30 /home/afrendy/projdb/koding/atinom/modul/TOOLCHAIN/bin/../lib/gcc/arm-elf/4.1.0/../../../../arm-elf/lib/thumb/interwork/libg.a(strrchr.o)
                0x0000a2a4                strrchr
 .text          0x0000a2d4       0x3c /home/afrendy/projdb/koding/atinom/modul/TOOLCHAIN/bin/../lib/gcc/arm-elf/4.1.0/../../../../arm-elf/lib/thumb/interwork/libg.a(strstr.o)
                0x0000a2d4                strstr
 .text          0x0000a310     0x1a60 /home/afrendy/projdb/koding/atinom/modul/TOOLCHAIN/bin/../lib/gcc/arm-elf/4.1.0/../../../../arm-elf/lib/thumb/interwork/libg.a(vfprintf.o)
                0x0000a330                _vfprintf_r
                0x0000bd50                vfprintf
 .text          0x0000bd70       0x54 /home/afrendy/projdb/koding/atinom/modul/TOOLCHAIN/bin/../lib/gcc/arm-elf/4.1.0/../../../../arm-elf/lib/thumb/interwork/libg.a(wcrtomb.o)
                0x0000bd70                _wcrtomb_r
                0x0000bda4                wcrtomb
 .text          0x0000bdc4      0x10c /home/afrendy/projdb/koding/atinom/modul/TOOLCHAIN/bin/../lib/gcc/arm-elf/4.1.0/../../../../arm-elf/lib/thumb/interwork/libg.a(wcsrtombs.o)
                0x0000bdc4                _wcsrtombs_r
                0x0000bea8                wcsrtombs
 .text          0x0000bed0      0x2b8 /home/afrendy/projdb/koding/atinom/modul/TOOLCHAIN/bin/../lib/gcc/arm-elf/4.1.0/../../../../arm-elf/lib/thumb/interwork/libg.a(wctomb_r.o)
                0x0000bed0                _wctomb_r
 .text          0x0000c188       0xa0 /home/afrendy/projdb/koding/atinom/modul/TOOLCHAIN/bin/../lib/gcc/arm-elf/4.1.0/../../../../arm-elf/lib/thumb/interwork/libg.a(wsetup.o)
                0x0000c188                __swsetup
 .text          0x0000c228      0xf28 /home/afrendy/projdb/koding/atinom/modul/TOOLCHAIN/bin/../lib/gcc/arm-elf/4.1.0/../../../../arm-elf/lib/thumb/interwork/libg.a(dtoa.o)
                0x0000c378                _dtoa_r
 .text          0x0000d150       0x90 /home/afrendy/projdb/koding/atinom/modul/TOOLCHAIN/bin/../lib/gcc/arm-elf/4.1.0/../../../../arm-elf/lib/thumb/interwork/libg.a(fflush.o)
                0x0000d150                fflush
 .text          0x0000d1e0      0x1c4 /home/afrendy/projdb/koding/atinom/modul/TOOLCHAIN/bin/../lib/gcc/arm-elf/4.1.0/../../../../arm-elf/lib/thumb/interwork/libg.a(findfp.o)
                0x0000d228                __sinit
                0x0000d2e0                __sfmoreglue
                0x0000d2cc                _cleanup
                0x0000d2bc                _cleanup_r
                0x0000d2a4                __fp_lock_all
                0x0000d218                __sfp_lock_acquire
                0x0000d318                __sfp
                0x0000d224                __sinit_lock_release
                0x0000d28c                __fp_unlock_all
                0x0000d21c                __sfp_lock_release
                0x0000d220                __sinit_lock_acquire
 .text          0x0000d3a4      0x268 /home/afrendy/projdb/koding/atinom/modul/TOOLCHAIN/bin/../lib/gcc/arm-elf/4.1.0/../../../../arm-elf/lib/thumb/interwork/libg.a(freer.o)
                0x0000d444                _free_r
                0x0000d3a4                _malloc_trim_r
 .text          0x0000d60c      0x298 /home/afrendy/projdb/koding/atinom/modul/TOOLCHAIN/bin/../lib/gcc/arm-elf/4.1.0/../../../../arm-elf/lib/thumb/interwork/libg.a(fvwrite.o)
                0x0000d60c                __sfvwrite
 .text          0x0000d8a4       0xf0 /home/afrendy/projdb/koding/atinom/modul/TOOLCHAIN/bin/../lib/gcc/arm-elf/4.1.0/../../../../arm-elf/lib/thumb/interwork/libg.a(fwalk.o)
                0x0000d91c                _fwalk
                0x0000d8a4                _fwalk_reent
 .text          0x0000d994       0x88 /home/afrendy/projdb/koding/atinom/modul/TOOLCHAIN/bin/../lib/gcc/arm-elf/4.1.0/../../../../arm-elf/lib/thumb/interwork/libg.a(locale.o)
                0x0000d9bc                _setlocale_r
                0x0000d994                __locale_charset
                0x0000d9a0                _localeconv_r
                0x0000da00                setlocale
                0x0000d9a8                localeconv
 .text          0x0000da1c       0xdc /home/afrendy/projdb/koding/atinom/modul/TOOLCHAIN/bin/../lib/gcc/arm-elf/4.1.0/../../../../arm-elf/lib/thumb/interwork/libg.a(makebuf.o)
                0x0000da1c                __smakebuf
 .text          0x0000daf8      0x538 /home/afrendy/projdb/koding/atinom/modul/TOOLCHAIN/bin/../lib/gcc/arm-elf/4.1.0/../../../../arm-elf/lib/thumb/interwork/libg.a(mallocr.o)
                0x0000daf8                _malloc_r
 .text          0x0000e030       0xbc /home/afrendy/projdb/koding/atinom/modul/TOOLCHAIN/bin/../lib/gcc/arm-elf/4.1.0/../../../../arm-elf/lib/thumb/interwork/libg.a(memchr.o)
                0x0000e030                memchr
 .text          0x0000e0ec       0x8c /home/afrendy/projdb/koding/atinom/modul/TOOLCHAIN/bin/../lib/gcc/arm-elf/4.1.0/../../../../arm-elf/lib/thumb/interwork/libg.a(memmove.o)
                0x0000e0ec                memmove
 .text          0x0000e178        0x8 /home/afrendy/projdb/koding/atinom/modul/TOOLCHAIN/bin/../lib/gcc/arm-elf/4.1.0/../../../../arm-elf/lib/thumb/interwork/libg.a(mlock.o)
                0x0000e17c                __malloc_unlock
                0x0000e178                __malloc_lock
 .text          0x0000e180      0x8c0 /home/afrendy/projdb/koding/atinom/modul/TOOLCHAIN/bin/../lib/gcc/arm-elf/4.1.0/../../../../arm-elf/lib/thumb/interwork/libg.a(mprec.o)
                0x0000e3f8                _mprec_log10
                0x0000e198                _hi0bits
                0x0000e438                _Balloc
                0x0000e494                _d2b
                0x0000e710                _multiply
                0x0000e3a4                _ratio
                0x0000e9b0                _s2b
                0x0000e860                _i2b
                0x0000e1e0                _lo0bits
                0x0000e24c                __mcmp
                0x0000e914                _pow5mult
                0x0000e28c                _ulp
                0x0000e2dc                _b2d
                0x0000e878                _multadd
                0x0000e57c                __mdiff
                0x0000e664                _lshift
                0x0000e180                _Bfree
 .text          0x0000ea40      0x3d8 /home/afrendy/projdb/koding/atinom/modul/TOOLCHAIN/bin/../lib/gcc/arm-elf/4.1.0/../../../../arm-elf/lib/thumb/interwork/libg.a(reallocr.o)
                0x0000ea40                _realloc_r
 .text          0x0000ee18       0x24 /home/afrendy/projdb/koding/atinom/modul/TOOLCHAIN/bin/../lib/gcc/arm-elf/4.1.0/../../../../arm-elf/lib/thumb/interwork/libg.a(s_isinf.o)
                0x0000ee18                isinf
 .text          0x0000ee3c       0x1c /home/afrendy/projdb/koding/atinom/modul/TOOLCHAIN/bin/../lib/gcc/arm-elf/4.1.0/../../../../arm-elf/lib/thumb/interwork/libg.a(s_isnan.o)
                0x0000ee3c                isnan
 .text          0x0000ee58       0xd8 /home/afrendy/projdb/koding/atinom/modul/TOOLCHAIN/bin/../lib/gcc/arm-elf/4.1.0/../../../../arm-elf/lib/thumb/interwork/libg.a(stdio.o)
                0x0000ee70                __sseek
                0x0000eef8                __sread
                0x0000ee58                __sclose
                0x0000eeb0                __swrite
 .text          0x0000ef30       0x68 /home/afrendy/projdb/koding/atinom/modul/TOOLCHAIN/bin/../lib/gcc/arm-elf/4.1.0/../../../../arm-elf/lib/thumb/interwork/libg.a(strcmp.o)
                0x0000ef30                strcmp
 .text          0x0000ef98      0x504 /home/afrendy/projdb/koding/atinom/modul/TOOLCHAIN/bin/../lib/gcc/arm-elf/4.1.0/../../../../arm-elf/lib/thumb/interwork/libg.a(syscalls.o)
                0x0000efb4                _getpid
                0x0000f0a8                initialise_monitor_handles
                0x0000efcc                isatty
                0x0000f034                _fstat
                0x0000f3c8                _open
                0x0000effc                _sbrk
                0x0000efc8                _raise
                0x0000f130                _times
                0x0000f3dc                _stat
                0x0000f418                _lseek
                0x0000efb8                _link
                0x0000f1ec                _swiwrite
                0x0000efd0                _rename
                0x0000f214                _swilseek
                0x0000f1b4                _swiclose
                0x0000f2c8                _swiopen
                0x0000efc0                _unlink
                0x0000f354                _write
                0x0000f180                _kill
                0x0000f154                _gettimeofday
                0x0000f450                _read
                0x0000f19c                _exit
                0x0000efe4                _system
                0x0000f428                _swiread
                0x0000f3b8                _close
 .text          0x0000f49c       0x60 /home/afrendy/projdb/koding/atinom/modul/TOOLCHAIN/bin/../lib/gcc/arm-elf/4.1.0/../../../../arm-elf/lib/thumb/interwork/libg.a(callocr.o)
                0x0000f49c                _calloc_r
 .text          0x0000f4fc       0xbc /home/afrendy/projdb/koding/atinom/modul/TOOLCHAIN/bin/../lib/gcc/arm-elf/4.1.0/../../../../arm-elf/lib/thumb/interwork/libg.a(fclose.o)
                0x0000f4fc                _fclose_r
                0x0000f5a0                fclose
 .text          0x0000f5b8       0xc8 /home/afrendy/projdb/koding/atinom/modul/TOOLCHAIN/bin/../lib/gcc/arm-elf/4.1.0/thumb/interwork/libgcc.a(_umodsi3.o)
                0x0000f5b8                __umodsi3
 .text          0x0000f680       0xd8 /home/afrendy/projdb/koding/atinom/modul/TOOLCHAIN/bin/../lib/gcc/arm-elf/4.1.0/thumb/interwork/libgcc.a(_modsi3.o)
                0x0000f680                __modsi3
 .text          0x0000f758      0x328 /home/afrendy/projdb/koding/atinom/modul/TOOLCHAIN/bin/../lib/gcc/arm-elf/4.1.0/thumb/interwork/libgcc.a(_addsub_df.o)
                0x0000fa48                __adddf3
                0x0000fa08                __subdf3
 .text          0x0000fa80      0x2ac /home/afrendy/projdb/koding/atinom/modul/TOOLCHAIN/bin/../lib/gcc/arm-elf/4.1.0/thumb/interwork/libgcc.a(_mul_df.o)
                0x0000fab8                __muldf3
 .text          0x0000fd2c      0x1ac /home/afrendy/projdb/koding/atinom/modul/TOOLCHAIN/bin/../lib/gcc/arm-elf/4.1.0/thumb/interwork/libgcc.a(_div_df.o)
                0x0000fd64                __divdf3
 .text          0x0000fed8       0x58 /home/afrendy/projdb/koding/atinom/modul/TOOLCHAIN/bin/../lib/gcc/arm-elf/4.1.0/thumb/interwork/libgcc.a(_eq_df.o)
                0x0000fee8                __eqdf2
 .text          0x0000ff30       0x58 /home/afrendy/projdb/koding/atinom/modul/TOOLCHAIN/bin/../lib/gcc/arm-elf/4.1.0/thumb/interwork/libgcc.a(_ne_df.o)
                0x0000ff40                __nedf2
 .text          0x0000ff88       0x58 /home/afrendy/projdb/koding/atinom/modul/TOOLCHAIN/bin/../lib/gcc/arm-elf/4.1.0/thumb/interwork/libgcc.a(_gt_df.o)
                0x0000ff98                __gtdf2
 .text          0x0000ffe0       0x58 /home/afrendy/projdb/koding/atinom/modul/TOOLCHAIN/bin/../lib/gcc/arm-elf/4.1.0/thumb/interwork/libgcc.a(_ge_df.o)
                0x0000fff0                __gedf2
 .text          0x00010038       0x58 /home/afrendy/projdb/koding/atinom/modul/TOOLCHAIN/bin/../lib/gcc/arm-elf/4.1.0/thumb/interwork/libgcc.a(_lt_df.o)
                0x00010048                __ltdf2
 .text          0x00010090       0x8c /home/afrendy/projdb/koding/atinom/modul/TOOLCHAIN/bin/../lib/gcc/arm-elf/4.1.0/thumb/interwork/libgcc.a(_si_to_df.o)
                0x00010090                __floatsidf
 .text          0x0001011c       0xb4 /home/afrendy/projdb/koding/atinom/modul/TOOLCHAIN/bin/../lib/gcc/arm-elf/4.1.0/thumb/interwork/libgcc.a(_df_to_si.o)
                0x0001014c                __fixdfsi
 .text          0x000101d0       0x84 /home/afrendy/projdb/koding/atinom/modul/TOOLCHAIN/bin/../lib/gcc/arm-elf/4.1.0/thumb/interwork/libgcc.a(_muldi3.o)
                0x000101d0                __muldi3
 .text          0x00010254      0x290 /home/afrendy/projdb/koding/atinom/modul/TOOLCHAIN/bin/../lib/gcc/arm-elf/4.1.0/thumb/interwork/libgcc.a(_pack_df.o)
                0x00010284                __pack_d
 .text          0x000104e4       0xc4 /home/afrendy/projdb/koding/atinom/modul/TOOLCHAIN/bin/../lib/gcc/arm-elf/4.1.0/thumb/interwork/libgcc.a(_unpack_df.o)
                0x000104e4                __unpack_d
 .text          0x000105a8       0xf0 /home/afrendy/projdb/koding/atinom/modul/TOOLCHAIN/bin/../lib/gcc/arm-elf/4.1.0/thumb/interwork/libgcc.a(_fpcmp_parts_df.o)
                0x000105d8                __fpcmp_parts_d
 *(.rodata)
 .rodata        0x00010698       0x74 main.o
 .rodata        0x0001070c       0x40 ./LCD/portlcd.o
 .rodata        0x0001074c       0x30 ../../Common/Minimal/BlockQ.o
 .rodata        0x0001077c       0x10 ../../Common/Minimal/blocktim.o
 .rodata        0x0001078c        0x8 ../../Common/Minimal/flash.o
 .rodata        0x00010794        0x8 ../../Common/Minimal/integer.o
 .rodata        0x0001079c       0x20 ../../Common/Minimal/GenQTest.o
 .rodata        0x000107bc       0x20 ../../Common/Minimal/QPeek.o
 .rodata        0x000107dc       0x28 ../../Common/Minimal/dynamic.o
 .rodata        0x00010804       0x20 ./webserver/uIP_Task.o
 .rodata        0x00010824      0x23c ./webserver/httpd-cgi.o
 .rodata        0x00010a60     0x117c ./webserver/httpd-fs.o
                0x00011b78                file_index_html
                0x00011bb4                file_stats_shtml
                0x00011b64                file_404_html
                0x00011ba0                file_io_shtml
                0x00011bc8                file_tcp_shtml
                0x00011b8c                file_index_shtml
 .rodata        0x00011bdc      0x24a ./webserver/http-strings.o
                0x00011dfc                http_shtml
                0x00011bdc                http_http
                0x00011bf8                http_10
                0x00011d76                http_content_type_png
                0x00011d3f                http_content_type_css
                0x00011c4e                http_referer
                0x00011cab                http_header_404
                0x00011be9                http_301
                0x00011d06                http_content_type_plain
                0x00011e1c                http_text
                0x00011d23                http_content_type_html
                0x00011c19                http_texthtml
                0x00011c2e                http_host
                0x00011d92                http_content_type_gif
                0x00011c35                http_crnl
                0x00011bf3                http_get
                0x00011c23                http_location
                0x00011e17                http_jpg
                0x00011e08                http_css
                0x00011c01                http_11
                0x00011d5a                http_content_type_text
                0x00011bee                http_302
                0x00011c0a                http_content_type
                0x00011c57                http_header_200
                0x00011e21                http_txt
                0x00011dae                http_content_type_jpg
                0x00011df6                http_html
                0x00011c38                http_index_html
                0x00011e0d                http_png
                0x00011be4                http_200
                0x00011c44                http_404_html
                0x00011e12                http_gif
                0x00011dcb                http_content_type_binary
                0x00011e03                http_htm
 .rodata        0x00011e26        0xa ../../Common/ethernet/uIP/uip-1.0/uip/uip_arp.o
 .rodata        0x00011e30       0x14 ../../Common/ethernet/uIP/uip-1.0/uip/psock.o
 .rodata        0x00011e44       0x50 ../../Common/ethernet/uIP/uip-1.0/uip/uip.o
 .rodata        0x00011e94       0x20 ../../../Source/tasks.o
 .rodata        0x00011eb4        0x2 ../../../Source/portable/MemMang/heap_2.o
 *fill*         0x00011eb6        0x2 00
 .rodata        0x00011eb8        0x4 /home/afrendy/projdb/koding/atinom/modul/TOOLCHAIN/bin/../lib/gcc/arm-elf/4.1.0/../../../../arm-elf/lib/thumb/interwork/libg.a(impure.o)
                0x00011eb8                _global_impure_ptr
 .rodata        0x00011ebc      0x184 /home/afrendy/projdb/koding/atinom/modul/TOOLCHAIN/bin/../lib/gcc/arm-elf/4.1.0/../../../../arm-elf/lib/thumb/interwork/libg.a(vfprintf.o)
 .rodata        0x00012040       0x18 /home/afrendy/projdb/koding/atinom/modul/TOOLCHAIN/bin/../lib/gcc/arm-elf/4.1.0/../../../../arm-elf/lib/thumb/interwork/libg.a(dtoa.o)
 .rodata        0x00012058       0x34 /home/afrendy/projdb/koding/atinom/modul/TOOLCHAIN/bin/../lib/gcc/arm-elf/4.1.0/../../../../arm-elf/lib/thumb/interwork/libg.a(locale.o)
 .rodata        0x0001208c      0x124 /home/afrendy/projdb/koding/atinom/modul/TOOLCHAIN/bin/../lib/gcc/arm-elf/4.1.0/../../../../arm-elf/lib/thumb/interwork/libg.a(mprec.o)
                0x0001217c                __mprec_tinytens
                0x0001208c                __mprec_tens
                0x00012154                __mprec_bigtens
 .rodata        0x000121b0       0x14 /home/afrendy/projdb/koding/atinom/modul/TOOLCHAIN/bin/../lib/gcc/arm-elf/4.1.0/thumb/interwork/libgcc.a(_thenan_df.o)
                0x000121b0                __thenan_df
 *(.rodata*)
 .rodata.str1.4
                0x000121c4        0x2 /home/afrendy/projdb/koding/atinom/modul/TOOLCHAIN/bin/../lib/gcc/arm-elf/4.1.0/../../../../arm-elf/lib/thumb/interwork/libg.a(impure.o)
                                  0x4 (size before relaxing)
 *fill*         0x000121c6        0x2 00
 .rodata.str1.4
                0x000121c8        0x2 /home/afrendy/projdb/koding/atinom/modul/TOOLCHAIN/bin/../lib/gcc/arm-elf/4.1.0/../../../../arm-elf/lib/thumb/interwork/libg.a(puts.o)
                                  0x4 (size before relaxing)
 *fill*         0x000121ca        0x2 00
 .rodata.str1.4
                0x000121cc       0x63 /home/afrendy/projdb/koding/atinom/modul/TOOLCHAIN/bin/../lib/gcc/arm-elf/4.1.0/../../../../arm-elf/lib/thumb/interwork/libg.a(vfprintf.o)
                                 0x64 (size before relaxing)
 *fill*         0x0001222f        0x1 00
 .rodata.str1.4
                0x00012230       0x1e /home/afrendy/projdb/koding/atinom/modul/TOOLCHAIN/bin/../lib/gcc/arm-elf/4.1.0/../../../../arm-elf/lib/thumb/interwork/libg.a(wctomb_r.o)
                                 0x20 (size before relaxing)
 *fill*         0x0001224e        0x2 00
 .rodata.str1.4
                0x00012250       0x10 /home/afrendy/projdb/koding/atinom/modul/TOOLCHAIN/bin/../lib/gcc/arm-elf/4.1.0/../../../../arm-elf/lib/thumb/interwork/libg.a(dtoa.o)
                                 0x14 (size before relaxing)
 .rodata.str1.4
                0x00012260        0xb /home/afrendy/projdb/koding/atinom/modul/TOOLCHAIN/bin/../lib/gcc/arm-elf/4.1.0/../../../../arm-elf/lib/thumb/interwork/libg.a(locale.o)
                                 0x18 (size before relaxing)
 *fill*         0x0001226b        0x1 00
 .rodata.str1.4
                0x0001226c        0x4 /home/afrendy/projdb/koding/atinom/modul/TOOLCHAIN/bin/../lib/gcc/arm-elf/4.1.0/../../../../arm-elf/lib/thumb/interwork/libg.a(syscalls.o)
 *(.glue_7)
 .glue_7        0x00012270       0x30 /home/afrendy/projdb/koding/atinom/modul/TOOLCHAIN/bin/../lib/gcc/arm-elf/4.1.0/thumb/interwork/libgcc.a(_fpcmp_parts_df.o)
                0x00012294                __main_from_arm
                0x00012288                __xQueueGenericSendFromISR_from_arm
                0x0001227c                __vTaskIncrementTick_from_arm
                0x00012270                __vTaskSwitchContext_from_arm
 *(.glue_7t)
 .glue_7t       0x000122a0       0x20 /home/afrendy/projdb/koding/atinom/modul/TOOLCHAIN/bin/../lib/gcc/arm-elf/4.1.0/thumb/interwork/libgcc.a(_fpcmp_parts_df.o)
                0x000122a4                __vPortEnterCritical_change_to_arm
                0x000122ac                __vPortExitCritical_change_to_arm
                0x000122b8                __vPortISRStartFirstTask_from_thumb
                0x000122b0                __vPortDisableInterruptsFromThumb_from_thumb
                0x000122a8                __vPortExitCritical_from_thumb
                0x000122a0                __vPortEnterCritical_from_thumb
                0x000122bc                __vPortISRStartFirstTask_change_to_arm
                0x000122b4                __vPortDisableInterruptsFromThumb_change_to_arm
 *(.eh_frame)
                0x000122c0                __end_of_text__ = .

.data           0x40000000      0x874 load address 0x000122c0
                0x40000000                __data_beg__ = .
                0x000122c0                __data_beg_src__ = __end_of_text__
 *(.data)
 .data          0x40000000        0x4 ../../../Source/portable/GCC/ARM7_LPC23xx/portISR.o
                0x40000000                ulCriticalNesting
 .data          0x40000004        0x8 main.o
 .data          0x4000000c       0x3c ./webserver/httpd-cgi.o
 .data          0x40000048        0x4 ../../../Source/tasks.o
 .data          0x4000004c        0x4 ../../../Source/portable/MemMang/heap_2.o
 .data          0x40000050      0x404 /home/afrendy/projdb/koding/atinom/modul/TOOLCHAIN/bin/../lib/gcc/arm-elf/4.1.0/../../../../arm-elf/lib/thumb/interwork/libg.a(impure.o)
                0x40000050                _impure_ptr
 .data          0x40000454       0x10 /home/afrendy/projdb/koding/atinom/modul/TOOLCHAIN/bin/../lib/gcc/arm-elf/4.1.0/../../../../arm-elf/lib/thumb/interwork/libg.a(locale.o)
                0x40000454                __mb_cur_max
                0x40000458                __lc_ctype
 .data          0x40000464      0x410 /home/afrendy/projdb/koding/atinom/modul/TOOLCHAIN/bin/../lib/gcc/arm-elf/4.1.0/../../../../arm-elf/lib/thumb/interwork/libg.a(mallocr.o)
                0x40000870                __malloc_sbrk_base
                0x40000464                __malloc_av_
                0x4000086c                __malloc_trim_threshold
                0x40000874                __data_end__ = .

.bss            0x40000874     0x73f0
                0x40000874                __bss_beg__ = .
 *(.bss)
 .bss           0x40000874        0x8 main.o
 .bss           0x4000087c        0x4 ./LCD/portlcd.o
 .bss           0x40000880       0x18 ../../Common/Minimal/BlockQ.o
 .bss           0x40000898       0x20 ../../Common/Minimal/blocktim.o
 .bss           0x400008b8        0x4 ../../Common/Minimal/flash.o
 .bss           0x400008bc        0x4 ../../Common/Minimal/integer.o
 .bss           0x400008c0       0x20 ../../Common/Minimal/GenQTest.o
 .bss           0x400008e0        0xc ../../Common/Minimal/QPeek.o
 .bss           0x400008ec       0x28 ../../Common/Minimal/dynamic.o
 .bss           0x40000914       0x20 ./webserver/uIP_Task.o
 .bss           0x40000934        0xc ./webserver/emac.o
                0x40000934                xEMACSemaphore
 .bss           0x40000940       0x24 ./webserver/httpd-cgi.o
                0x40000940                lRefreshCount
 .bss           0x40000964        0xc ./webserver/httpd-fs.o
 .bss           0x40000970       0x68 ../../Common/ethernet/uIP/uip-1.0/uip/uip_arp.o
 .bss           0x400009d8       0x12 ../../Common/ethernet/uIP/uip-1.0/uip/uip.o
                0x400009d8                uip_ethaddr
 *fill*         0x400009ea        0x2 00
 .bss           0x400009ec      0x114 ../../../Source/tasks.o
                0x400009ec                pxCurrentTCB
 .bss           0x40000b00     0x4814 ../../../Source/portable/MemMang/heap_2.o
 .bss           0x40005314        0x4 syscalls.o
 .bss           0x40005318        0xc /home/afrendy/projdb/koding/atinom/modul/TOOLCHAIN/bin/../lib/gcc/arm-elf/4.1.0/../../../../arm-elf/lib/thumb/interwork/libg.a(locale.o)
                0x40005318                __nlocale_changed
                0x4000531c                __mlocale_changed
                0x40005320                _PathLocale
 .bss           0x40005324       0x34 /home/afrendy/projdb/koding/atinom/modul/TOOLCHAIN/bin/../lib/gcc/arm-elf/4.1.0/../../../../arm-elf/lib/thumb/interwork/libg.a(mallocr.o)
                0x40005324                __malloc_top_pad
                0x40005328                __malloc_max_sbrked_mem
                0x40005330                __malloc_current_mallinfo
                0x4000532c                __malloc_max_total_mem
 .bss           0x40005358       0xb0 /home/afrendy/projdb/koding/atinom/modul/TOOLCHAIN/bin/../lib/gcc/arm-elf/4.1.0/../../../../arm-elf/lib/thumb/interwork/libg.a(syscalls.o)
 COMMON         0x40005408        0xc main.o
                0x40005408                tog
                0x4000540c                xLCDQueue
                0x40005410                hdl_led
 COMMON         0x40005414        0xc ../../Common/Minimal/QPeek.o
                0x40005414                xHighPriorityTask
                0x40005418                xMediumPriorityTask
                0x4000541c                xHighestPriorityTask
 COMMON         0x40005420        0x4 ../../Common/Minimal/dynamic.o
                0x40005420                xSuspendedTestQueue
 COMMON         0x40005424       0x10 ./webserver/httpd-cgi.o
                0x40005424                ulString
                0x40005428                pcStatus
 COMMON         0x40005434     0x2830 ../../Common/ethernet/uIP/uip-1.0/uip/uip.o
                0x40005434                uip_len
                0x40005438                uip_sappdata
                0x4000543c                uip_acc32
                0x40005440                uip_flags
                0x40005444                uip_appdata
                0x40005448                uip_conn
                0x4000544c                uip_conns
                0x4000760c                uip_listenports
                0x4000765c                uip_draddr
                0x40007660                uip_stat
                0x40007690                uip_netmask
                0x40007694                uip_hostaddr
                0x40007698                uip_buf
                0x40007c62                uip_slen
                0x40007c64                . = ALIGN (0x4)
                0x40007c64                _bss_end__ = .
                0x40007c64                __bss_end__ = .
                0x40007c64                __end__ = .

.usbram         0x7fd00000        0x0
                0x7fd00000                __usbram_beg__ = .
 *(.dmaram)
                0x7fd00000                __usbram_end__ = .

.ethram         0x7fe00000        0x0
                0x7fe00000                __ethram_beg__ = .
 *(.ethram)
                0x7fe00000                __ethram_end__ = .
                0x7fe00000                . = ALIGN (0x4)
                0x7fe00000                _end = .
                0x7fe00000                PROVIDE (end, .)
OUTPUT(RTOSDemo.elf elf32-littlearm)

.debug_abbrev   0x00000000     0x6d1f
 .debug_abbrev  0x00000000       0x8b ../../../Source/portable/GCC/ARM7_LPC23xx/portISR.o
 .debug_abbrev  0x0000008b       0x9f ./webserver/EMAC_ISR.o
 .debug_abbrev  0x0000012a      0x150 main.o
 .debug_abbrev  0x0000027a       0x8b ./ParTest/ParTest.o
 .debug_abbrev  0x00000305      0x10c ./LCD/portlcd.o
 .debug_abbrev  0x00000411      0x157 ../../Common/Minimal/BlockQ.o
 .debug_abbrev  0x00000568       0xf7 ../../Common/Minimal/blocktim.o
 .debug_abbrev  0x0000065f       0x8f ../../Common/Minimal/flash.o
 .debug_abbrev  0x000006ee       0xb6 ../../Common/Minimal/integer.o
 .debug_abbrev  0x000007a4      0x108 ../../Common/Minimal/GenQTest.o
 .debug_abbrev  0x000008ac      0x10a ../../Common/Minimal/QPeek.o
 .debug_abbrev  0x000009b6      0x102 ../../Common/Minimal/dynamic.o
 .debug_abbrev  0x00000ab8      0x1ce ./webserver/uIP_Task.o
 .debug_abbrev  0x00000c86      0x140 ./webserver/emac.o
 .debug_abbrev  0x00000dc6      0x190 ./webserver/httpd.o
 .debug_abbrev  0x00000f56      0x178 ./webserver/httpd-cgi.o
 .debug_abbrev  0x000010ce      0x112 ./webserver/httpd-fs.o
 .debug_abbrev  0x000011e0       0x49 ./webserver/http-strings.o
 .debug_abbrev  0x00001229      0x1a3 ../../Common/ethernet/uIP/uip-1.0/uip/uip_arp.o
 .debug_abbrev  0x000013cc      0x1c6 ../../Common/ethernet/uIP/uip-1.0/uip/psock.o
 .debug_abbrev  0x00001592       0xb9 ../../Common/ethernet/uIP/uip-1.0/uip/timer.o
 .debug_abbrev  0x0000164b      0x1d9 ../../Common/ethernet/uIP/uip-1.0/uip/uip.o
 .debug_abbrev  0x00001824       0xe5 ../../../Source/list.o
 .debug_abbrev  0x00001909      0x17c ../../../Source/queue.o
 .debug_abbrev  0x00001a85      0x1c0 ../../../Source/tasks.o
 .debug_abbrev  0x00001c45       0xcd ../../../Source/portable/GCC/ARM7_LPC23xx/port.o
 .debug_abbrev  0x00001d12      0x15d ../../../Source/portable/MemMang/heap_2.o
 .debug_abbrev  0x00001e6f      0x1a2 syscalls.o
 .debug_abbrev  0x00002011       0x10 /tmp/ccF3NtYT.o
 .debug_abbrev  0x00002021       0x14 /home/afrendy/projdb/koding/atinom/modul/TOOLCHAIN/bin/../lib/gcc/arm-elf/4.1.0/thumb/interwork/libgcc.a(_udivsi3.o)
 .debug_abbrev  0x00002035       0x14 /home/afrendy/projdb/koding/atinom/modul/TOOLCHAIN/bin/../lib/gcc/arm-elf/4.1.0/thumb/interwork/libgcc.a(_divsi3.o)
 .debug_abbrev  0x00002049       0x14 /home/afrendy/projdb/koding/atinom/modul/TOOLCHAIN/bin/../lib/gcc/arm-elf/4.1.0/thumb/interwork/libgcc.a(_dvmd_tls.o)
 .debug_abbrev  0x0000205d      0x15f /home/afrendy/projdb/koding/atinom/modul/TOOLCHAIN/bin/../lib/gcc/arm-elf/4.1.0/../../../../arm-elf/lib/thumb/interwork/libg.a(errno.o)
 .debug_abbrev  0x000021bc      0x157 /home/afrendy/projdb/koding/atinom/modul/TOOLCHAIN/bin/../lib/gcc/arm-elf/4.1.0/../../../../arm-elf/lib/thumb/interwork/libg.a(impure.o)
 .debug_abbrev  0x00002313       0x99 /home/afrendy/projdb/koding/atinom/modul/TOOLCHAIN/bin/../lib/gcc/arm-elf/4.1.0/../../../../arm-elf/lib/thumb/interwork/libg.a(memcpy.o)
 .debug_abbrev  0x000023ac       0x9a /home/afrendy/projdb/koding/atinom/modul/TOOLCHAIN/bin/../lib/gcc/arm-elf/4.1.0/../../../../arm-elf/lib/thumb/interwork/libg.a(memset.o)
 .debug_abbrev  0x00002446      0x193 /home/afrendy/projdb/koding/atinom/modul/TOOLCHAIN/bin/../lib/gcc/arm-elf/4.1.0/../../../../arm-elf/lib/thumb/interwork/libg.a(puts.o)
 .debug_abbrev  0x000025d9      0x1a2 /home/afrendy/projdb/koding/atinom/modul/TOOLCHAIN/bin/../lib/gcc/arm-elf/4.1.0/../../../../arm-elf/lib/thumb/interwork/libg.a(snprintf.o)
 .debug_abbrev  0x0000277b      0x193 /home/afrendy/projdb/koding/atinom/modul/TOOLCHAIN/bin/../lib/gcc/arm-elf/4.1.0/../../../../arm-elf/lib/thumb/interwork/libg.a(sprintf.o)
 .debug_abbrev  0x0000290e       0x87 /home/afrendy/projdb/koding/atinom/modul/TOOLCHAIN/bin/../lib/gcc/arm-elf/4.1.0/../../../../arm-elf/lib/thumb/interwork/libg.a(strcat.o)
 .debug_abbrev  0x00002995       0x8f /home/afrendy/projdb/koding/atinom/modul/TOOLCHAIN/bin/../lib/gcc/arm-elf/4.1.0/../../../../arm-elf/lib/thumb/interwork/libg.a(strchr.o)
 .debug_abbrev  0x00002a24       0x80 /home/afrendy/projdb/koding/atinom/modul/TOOLCHAIN/bin/../lib/gcc/arm-elf/4.1.0/../../../../arm-elf/lib/thumb/interwork/libg.a(strcpy.o)
 .debug_abbrev  0x00002aa4       0x8b /home/afrendy/projdb/koding/atinom/modul/TOOLCHAIN/bin/../lib/gcc/arm-elf/4.1.0/../../../../arm-elf/lib/thumb/interwork/libg.a(strlen.o)
 .debug_abbrev  0x00002b2f       0x7e /home/afrendy/projdb/koding/atinom/modul/TOOLCHAIN/bin/../lib/gcc/arm-elf/4.1.0/../../../../arm-elf/lib/thumb/interwork/libg.a(strncmp.o)
 .debug_abbrev  0x00002bad       0x8d /home/afrendy/projdb/koding/atinom/modul/TOOLCHAIN/bin/../lib/gcc/arm-elf/4.1.0/../../../../arm-elf/lib/thumb/interwork/libg.a(strncpy.o)
 .debug_abbrev  0x00002c3a       0x6f /home/afrendy/projdb/koding/atinom/modul/TOOLCHAIN/bin/../lib/gcc/arm-elf/4.1.0/../../../../arm-elf/lib/thumb/interwork/libg.a(strrchr.o)
 .debug_abbrev  0x00002ca9       0x83 /home/afrendy/projdb/koding/atinom/modul/TOOLCHAIN/bin/../lib/gcc/arm-elf/4.1.0/../../../../arm-elf/lib/thumb/interwork/libg.a(strstr.o)
 .debug_abbrev  0x00002d2c      0x356 /home/afrendy/projdb/koding/atinom/modul/TOOLCHAIN/bin/../lib/gcc/arm-elf/4.1.0/../../../../arm-elf/lib/thumb/interwork/libg.a(vfprintf.o)
 .debug_abbrev  0x00003082      0x18e /home/afrendy/projdb/koding/atinom/modul/TOOLCHAIN/bin/../lib/gcc/arm-elf/4.1.0/../../../../arm-elf/lib/thumb/interwork/libg.a(wcrtomb.o)
 .debug_abbrev  0x00003210      0x1a4 /home/afrendy/projdb/koding/atinom/modul/TOOLCHAIN/bin/../lib/gcc/arm-elf/4.1.0/../../../../arm-elf/lib/thumb/interwork/libg.a(wcsrtombs.o)
 .debug_abbrev  0x000033b4      0x1ab /home/afrendy/projdb/koding/atinom/modul/TOOLCHAIN/bin/../lib/gcc/arm-elf/4.1.0/../../../../arm-elf/lib/thumb/interwork/libg.a(wctomb_r.o)
 .debug_abbrev  0x0000355f      0x170 /home/afrendy/projdb/koding/atinom/modul/TOOLCHAIN/bin/../lib/gcc/arm-elf/4.1.0/../../../../arm-elf/lib/thumb/interwork/libg.a(wsetup.o)
 .debug_abbrev  0x000036cf      0x214 /home/afrendy/projdb/koding/atinom/modul/TOOLCHAIN/bin/../lib/gcc/arm-elf/4.1.0/../../../../arm-elf/lib/thumb/interwork/libg.a(dtoa.o)
 .debug_abbrev  0x000038e3      0x17f /home/afrendy/projdb/koding/atinom/modul/TOOLCHAIN/bin/../lib/gcc/arm-elf/4.1.0/../../../../arm-elf/lib/thumb/interwork/libg.a(fflush.o)
 .debug_abbrev  0x00003a62      0x24a /home/afrendy/projdb/koding/atinom/modul/TOOLCHAIN/bin/../lib/gcc/arm-elf/4.1.0/../../../../arm-elf/lib/thumb/interwork/libg.a(findfp.o)
 .debug_abbrev  0x00003cac      0x1d9 /home/afrendy/projdb/koding/atinom/modul/TOOLCHAIN/bin/../lib/gcc/arm-elf/4.1.0/../../../../arm-elf/lib/thumb/interwork/libg.a(freer.o)
 .debug_abbrev  0x00003e85      0x1b4 /home/afrendy/projdb/koding/atinom/modul/TOOLCHAIN/bin/../lib/gcc/arm-elf/4.1.0/../../../../arm-elf/lib/thumb/interwork/libg.a(fvwrite.o)
 .debug_abbrev  0x00004039      0x1e3 /home/afrendy/projdb/koding/atinom/modul/TOOLCHAIN/bin/../lib/gcc/arm-elf/4.1.0/../../../../arm-elf/lib/thumb/interwork/libg.a(fwalk.o)
 .debug_abbrev  0x0000421c      0x20e /home/afrendy/projdb/koding/atinom/modul/TOOLCHAIN/bin/../lib/gcc/arm-elf/4.1.0/../../../../arm-elf/lib/thumb/interwork/libg.a(locale.o)
 .debug_abbrev  0x0000442a      0x1a8 /home/afrendy/projdb/koding/atinom/modul/TOOLCHAIN/bin/../lib/gcc/arm-elf/4.1.0/../../../../arm-elf/lib/thumb/interwork/libg.a(makebuf.o)
 .debug_abbrev  0x000045d2      0x216 /home/afrendy/projdb/koding/atinom/modul/TOOLCHAIN/bin/../lib/gcc/arm-elf/4.1.0/../../../../arm-elf/lib/thumb/interwork/libg.a(mallocr.o)
 .debug_abbrev  0x000047e8       0xb5 /home/afrendy/projdb/koding/atinom/modul/TOOLCHAIN/bin/../lib/gcc/arm-elf/4.1.0/../../../../arm-elf/lib/thumb/interwork/libg.a(memchr.o)
 .debug_abbrev  0x0000489d       0x99 /home/afrendy/projdb/koding/atinom/modul/TOOLCHAIN/bin/../lib/gcc/arm-elf/4.1.0/../../../../arm-elf/lib/thumb/interwork/libg.a(memmove.o)
 .debug_abbrev  0x00004936      0x16a /home/afrendy/projdb/koding/atinom/modul/TOOLCHAIN/bin/../lib/gcc/arm-elf/4.1.0/../../../../arm-elf/lib/thumb/interwork/libg.a(mlock.o)
 .debug_abbrev  0x00004aa0      0x262 /home/afrendy/projdb/koding/atinom/modul/TOOLCHAIN/bin/../lib/gcc/arm-elf/4.1.0/../../../../arm-elf/lib/thumb/interwork/libg.a(mprec.o)
 .debug_abbrev  0x00004d02      0x1c3 /home/afrendy/projdb/koding/atinom/modul/TOOLCHAIN/bin/../lib/gcc/arm-elf/4.1.0/../../../../arm-elf/lib/thumb/interwork/libg.a(reallocr.o)
 .debug_abbrev  0x00004ec5       0x79 /home/afrendy/projdb/koding/atinom/modul/TOOLCHAIN/bin/../lib/gcc/arm-elf/4.1.0/../../../../arm-elf/lib/thumb/interwork/libg.a(s_isinf.o)
 .debug_abbrev  0x00004f3e       0x79 /home/afrendy/projdb/koding/atinom/modul/TOOLCHAIN/bin/../lib/gcc/arm-elf/4.1.0/../../../../arm-elf/lib/thumb/interwork/libg.a(s_isnan.o)
 .debug_abbrev  0x00004fb7      0x1aa /home/afrendy/projdb/koding/atinom/modul/TOOLCHAIN/bin/../lib/gcc/arm-elf/4.1.0/../../../../arm-elf/lib/thumb/interwork/libg.a(stdio.o)
 .debug_abbrev  0x00005161       0x71 /home/afrendy/projdb/koding/atinom/modul/TOOLCHAIN/bin/../lib/gcc/arm-elf/4.1.0/../../../../arm-elf/lib/thumb/interwork/libg.a(strcmp.o)
 .debug_abbrev  0x000051d2      0x3e4 /home/afrendy/projdb/koding/atinom/modul/TOOLCHAIN/bin/../lib/gcc/arm-elf/4.1.0/../../../../arm-elf/lib/thumb/interwork/libg.a(syscalls.o)
 .debug_abbrev  0x000055b6      0x1af /home/afrendy/projdb/koding/atinom/modul/TOOLCHAIN/bin/../lib/gcc/arm-elf/4.1.0/../../../../arm-elf/lib/thumb/interwork/libg.a(callocr.o)
 .debug_abbrev  0x00005765      0x18e /home/afrendy/projdb/koding/atinom/modul/TOOLCHAIN/bin/../lib/gcc/arm-elf/4.1.0/../../../../arm-elf/lib/thumb/interwork/libg.a(fclose.o)
 .debug_abbrev  0x000058f3       0x14 /home/afrendy/projdb/koding/atinom/modul/TOOLCHAIN/bin/../lib/gcc/arm-elf/4.1.0/thumb/interwork/libgcc.a(_umodsi3.o)
 .debug_abbrev  0x00005907       0x14 /home/afrendy/projdb/koding/atinom/modul/TOOLCHAIN/bin/../lib/gcc/arm-elf/4.1.0/thumb/interwork/libgcc.a(_modsi3.o)
 .debug_abbrev  0x0000591b      0x1a8 /home/afrendy/projdb/koding/atinom/modul/TOOLCHAIN/bin/../lib/gcc/arm-elf/4.1.0/thumb/interwork/libgcc.a(_addsub_df.o)
 .debug_abbrev  0x00005ac3      0x1e7 /home/afrendy/projdb/koding/atinom/modul/TOOLCHAIN/bin/../lib/gcc/arm-elf/4.1.0/thumb/interwork/libgcc.a(_mul_df.o)
 .debug_abbrev  0x00005caa      0x1d9 /home/afrendy/projdb/koding/atinom/modul/TOOLCHAIN/bin/../lib/gcc/arm-elf/4.1.0/thumb/interwork/libgcc.a(_div_df.o)
 .debug_abbrev  0x00005e83      0x157 /home/afrendy/projdb/koding/atinom/modul/TOOLCHAIN/bin/../lib/gcc/arm-elf/4.1.0/thumb/interwork/libgcc.a(_eq_df.o)
 .debug_abbrev  0x00005fda      0x157 /home/afrendy/projdb/koding/atinom/modul/TOOLCHAIN/bin/../lib/gcc/arm-elf/4.1.0/thumb/interwork/libgcc.a(_ne_df.o)
 .debug_abbrev  0x00006131      0x157 /home/afrendy/projdb/koding/atinom/modul/TOOLCHAIN/bin/../lib/gcc/arm-elf/4.1.0/thumb/interwork/libgcc.a(_gt_df.o)
 .debug_abbrev  0x00006288      0x157 /home/afrendy/projdb/koding/atinom/modul/TOOLCHAIN/bin/../lib/gcc/arm-elf/4.1.0/thumb/interwork/libgcc.a(_ge_df.o)
 .debug_abbrev  0x000063df      0x157 /home/afrendy/projdb/koding/atinom/modul/TOOLCHAIN/bin/../lib/gcc/arm-elf/4.1.0/thumb/interwork/libgcc.a(_lt_df.o)
 .debug_abbrev  0x00006536       0xf1 /home/afrendy/projdb/koding/atinom/modul/TOOLCHAIN/bin/../lib/gcc/arm-elf/4.1.0/thumb/interwork/libgcc.a(_si_to_df.o)
 .debug_abbrev  0x00006627      0x166 /home/afrendy/projdb/koding/atinom/modul/TOOLCHAIN/bin/../lib/gcc/arm-elf/4.1.0/thumb/interwork/libgcc.a(_df_to_si.o)
 .debug_abbrev  0x0000678d       0xba /home/afrendy/projdb/koding/atinom/modul/TOOLCHAIN/bin/../lib/gcc/arm-elf/4.1.0/thumb/interwork/libgcc.a(_thenan_df.o)
 .debug_abbrev  0x00006847       0xec /home/afrendy/projdb/koding/atinom/modul/TOOLCHAIN/bin/../lib/gcc/arm-elf/4.1.0/thumb/interwork/libgcc.a(_muldi3.o)
 .debug_abbrev  0x00006933      0x192 /home/afrendy/projdb/koding/atinom/modul/TOOLCHAIN/bin/../lib/gcc/arm-elf/4.1.0/thumb/interwork/libgcc.a(_pack_df.o)
 .debug_abbrev  0x00006ac5      0x149 /home/afrendy/projdb/koding/atinom/modul/TOOLCHAIN/bin/../lib/gcc/arm-elf/4.1.0/thumb/interwork/libgcc.a(_unpack_df.o)
 .debug_abbrev  0x00006c0e      0x111 /home/afrendy/projdb/koding/atinom/modul/TOOLCHAIN/bin/../lib/gcc/arm-elf/4.1.0/thumb/interwork/libgcc.a(_fpcmp_parts_df.o)

.debug_info     0x00000000    0x2248e
 .debug_info    0x00000000      0x2ae ../../../Source/portable/GCC/ARM7_LPC23xx/portISR.o
 .debug_info    0x000002ae      0x22f ./webserver/EMAC_ISR.o
 .debug_info    0x000004dd      0x3c7 main.o
 .debug_info    0x000008a4      0x257 ./ParTest/ParTest.o
 .debug_info    0x00000afb      0x44b ./LCD/portlcd.o
 .debug_info    0x00000f46      0x54a ../../Common/Minimal/BlockQ.o
 .debug_info    0x00001490      0x3f2 ../../Common/Minimal/blocktim.o
 .debug_info    0x00001882      0x278 ../../Common/Minimal/flash.o
 .debug_info    0x00001afa      0x2af ../../Common/Minimal/integer.o
 .debug_info    0x00001da9      0x470 ../../Common/Minimal/GenQTest.o
 .debug_info    0x00002219      0x411 ../../Common/Minimal/QPeek.o
 .debug_info    0x0000262a      0x51d ../../Common/Minimal/dynamic.o
 .debug_info    0x00002b47      0x8f3 ./webserver/uIP_Task.o
 .debug_info    0x0000343a      0x668 ./webserver/emac.o
 .debug_info    0x00003aa2      0xbad ./webserver/httpd.o
 .debug_info    0x0000464f      0xe7e ./webserver/httpd-cgi.o
 .debug_info    0x000054cd      0x672 ./webserver/httpd-fs.o
 .debug_info    0x00005b3f      0x612 ./webserver/http-strings.o
 .debug_info    0x00006151      0x4cc ../../Common/ethernet/uIP/uip-1.0/uip/uip_arp.o
 .debug_info    0x0000661d      0x9d1 ../../Common/ethernet/uIP/uip-1.0/uip/psock.o
 .debug_info    0x00006fee      0x263 ../../Common/ethernet/uIP/uip-1.0/uip/timer.o
 .debug_info    0x00007251      0xf4f ../../Common/ethernet/uIP/uip-1.0/uip/uip.o
 .debug_info    0x000081a0      0x42a ../../../Source/list.o
 .debug_info    0x000085ca      0xc0f ../../../Source/queue.o
 .debug_info    0x000091d9     0x1529 ../../../Source/tasks.o
 .debug_info    0x0000a702      0x296 ../../../Source/portable/GCC/ARM7_LPC23xx/port.o
 .debug_info    0x0000a998      0x44f ../../../Source/portable/MemMang/heap_2.o
 .debug_info    0x0000ade7      0xfe6 syscalls.o
 .debug_info    0x0000bdcd       0x80 /tmp/ccF3NtYT.o
 .debug_info    0x0000be4d       0x88 /home/afrendy/projdb/koding/atinom/modul/TOOLCHAIN/bin/../lib/gcc/arm-elf/4.1.0/thumb/interwork/libgcc.a(_udivsi3.o)
 .debug_info    0x0000bed5       0x88 /home/afrendy/projdb/koding/atinom/modul/TOOLCHAIN/bin/../lib/gcc/arm-elf/4.1.0/thumb/interwork/libgcc.a(_divsi3.o)
 .debug_info    0x0000bf5d       0x88 /home/afrendy/projdb/koding/atinom/modul/TOOLCHAIN/bin/../lib/gcc/arm-elf/4.1.0/thumb/interwork/libgcc.a(_dvmd_tls.o)
 .debug_info    0x0000bfe5      0x913 /home/afrendy/projdb/koding/atinom/modul/TOOLCHAIN/bin/../lib/gcc/arm-elf/4.1.0/../../../../arm-elf/lib/thumb/interwork/libg.a(errno.o)
 .debug_info    0x0000c8f8      0x922 /home/afrendy/projdb/koding/atinom/modul/TOOLCHAIN/bin/../lib/gcc/arm-elf/4.1.0/../../../../arm-elf/lib/thumb/interwork/libg.a(impure.o)
 .debug_info    0x0000d21a      0x10e /home/afrendy/projdb/koding/atinom/modul/TOOLCHAIN/bin/../lib/gcc/arm-elf/4.1.0/../../../../arm-elf/lib/thumb/interwork/libg.a(memcpy.o)
 .debug_info    0x0000d328      0x112 /home/afrendy/projdb/koding/atinom/modul/TOOLCHAIN/bin/../lib/gcc/arm-elf/4.1.0/../../../../arm-elf/lib/thumb/interwork/libg.a(memset.o)
 .debug_info    0x0000d43a      0xa13 /home/afrendy/projdb/koding/atinom/modul/TOOLCHAIN/bin/../lib/gcc/arm-elf/4.1.0/../../../../arm-elf/lib/thumb/interwork/libg.a(puts.o)
 .debug_info    0x0000de4d      0xa22 /home/afrendy/projdb/koding/atinom/modul/TOOLCHAIN/bin/../lib/gcc/arm-elf/4.1.0/../../../../arm-elf/lib/thumb/interwork/libg.a(snprintf.o)
 .debug_info    0x0000e86f      0xa02 /home/afrendy/projdb/koding/atinom/modul/TOOLCHAIN/bin/../lib/gcc/arm-elf/4.1.0/../../../../arm-elf/lib/thumb/interwork/libg.a(sprintf.o)
 .debug_info    0x0000f271       0xe6 /home/afrendy/projdb/koding/atinom/modul/TOOLCHAIN/bin/../lib/gcc/arm-elf/4.1.0/../../../../arm-elf/lib/thumb/interwork/libg.a(strcat.o)
 .debug_info    0x0000f357      0x111 /home/afrendy/projdb/koding/atinom/modul/TOOLCHAIN/bin/../lib/gcc/arm-elf/4.1.0/../../../../arm-elf/lib/thumb/interwork/libg.a(strchr.o)
 .debug_info    0x0000f468      0x10d /home/afrendy/projdb/koding/atinom/modul/TOOLCHAIN/bin/../lib/gcc/arm-elf/4.1.0/../../../../arm-elf/lib/thumb/interwork/libg.a(strcpy.o)
 .debug_info    0x0000f575       0xd6 /home/afrendy/projdb/koding/atinom/modul/TOOLCHAIN/bin/../lib/gcc/arm-elf/4.1.0/../../../../arm-elf/lib/thumb/interwork/libg.a(strlen.o)
 .debug_info    0x0000f64b       0xf2 /home/afrendy/projdb/koding/atinom/modul/TOOLCHAIN/bin/../lib/gcc/arm-elf/4.1.0/../../../../arm-elf/lib/thumb/interwork/libg.a(strncmp.o)
 .debug_info    0x0000f73d      0x127 /home/afrendy/projdb/koding/atinom/modul/TOOLCHAIN/bin/../lib/gcc/arm-elf/4.1.0/../../../../arm-elf/lib/thumb/interwork/libg.a(strncpy.o)
 .debug_info    0x0000f864       0xc7 /home/afrendy/projdb/koding/atinom/modul/TOOLCHAIN/bin/../lib/gcc/arm-elf/4.1.0/../../../../arm-elf/lib/thumb/interwork/libg.a(strrchr.o)
 .debug_info    0x0000f92b       0xda /home/afrendy/projdb/koding/atinom/modul/TOOLCHAIN/bin/../lib/gcc/arm-elf/4.1.0/../../../../arm-elf/lib/thumb/interwork/libg.a(strstr.o)
 .debug_info    0x0000fa05     0x10eb /home/afrendy/projdb/koding/atinom/modul/TOOLCHAIN/bin/../lib/gcc/arm-elf/4.1.0/../../../../arm-elf/lib/thumb/interwork/libg.a(vfprintf.o)
 .debug_info    0x00010af0      0x9ef /home/afrendy/projdb/koding/atinom/modul/TOOLCHAIN/bin/../lib/gcc/arm-elf/4.1.0/../../../../arm-elf/lib/thumb/interwork/libg.a(wcrtomb.o)
 .debug_info    0x000114df      0xa84 /home/afrendy/projdb/koding/atinom/modul/TOOLCHAIN/bin/../lib/gcc/arm-elf/4.1.0/../../../../arm-elf/lib/thumb/interwork/libg.a(wcsrtombs.o)
 .debug_info    0x00011f63      0x9f7 /home/afrendy/projdb/koding/atinom/modul/TOOLCHAIN/bin/../lib/gcc/arm-elf/4.1.0/../../../../arm-elf/lib/thumb/interwork/libg.a(wctomb_r.o)
 .debug_info    0x0001295a      0x93a /home/afrendy/projdb/koding/atinom/modul/TOOLCHAIN/bin/../lib/gcc/arm-elf/4.1.0/../../../../arm-elf/lib/thumb/interwork/libg.a(wsetup.o)
 .debug_info    0x00013294      0xd65 /home/afrendy/projdb/koding/atinom/modul/TOOLCHAIN/bin/../lib/gcc/arm-elf/4.1.0/../../../../arm-elf/lib/thumb/interwork/libg.a(dtoa.o)
 .debug_info    0x00013ff9      0x974 /home/afrendy/projdb/koding/atinom/modul/TOOLCHAIN/bin/../lib/gcc/arm-elf/4.1.0/../../../../arm-elf/lib/thumb/interwork/libg.a(fflush.o)
 .debug_info    0x0001496d      0xb67 /home/afrendy/projdb/koding/atinom/modul/TOOLCHAIN/bin/../lib/gcc/arm-elf/4.1.0/../../../../arm-elf/lib/thumb/interwork/libg.a(findfp.o)
 .debug_info    0x000154d4      0xbb5 /home/afrendy/projdb/koding/atinom/modul/TOOLCHAIN/bin/../lib/gcc/arm-elf/4.1.0/../../../../arm-elf/lib/thumb/interwork/libg.a(freer.o)
 .debug_info    0x00016089      0xa5f /home/afrendy/projdb/koding/atinom/modul/TOOLCHAIN/bin/../lib/gcc/arm-elf/4.1.0/../../../../arm-elf/lib/thumb/interwork/libg.a(fvwrite.o)
 .debug_info    0x00016ae8      0xad9 /home/afrendy/projdb/koding/atinom/modul/TOOLCHAIN/bin/../lib/gcc/arm-elf/4.1.0/../../../../arm-elf/lib/thumb/interwork/libg.a(fwalk.o)
 .debug_info    0x000175c1      0xb82 /home/afrendy/projdb/koding/atinom/modul/TOOLCHAIN/bin/../lib/gcc/arm-elf/4.1.0/../../../../arm-elf/lib/thumb/interwork/libg.a(locale.o)
 .debug_info    0x00018143      0xad9 /home/afrendy/projdb/koding/atinom/modul/TOOLCHAIN/bin/../lib/gcc/arm-elf/4.1.0/../../../../arm-elf/lib/thumb/interwork/libg.a(makebuf.o)
 .debug_info    0x00018c1c      0xcbc /home/afrendy/projdb/koding/atinom/modul/TOOLCHAIN/bin/../lib/gcc/arm-elf/4.1.0/../../../../arm-elf/lib/thumb/interwork/libg.a(mallocr.o)
 .debug_info    0x000198d8      0x133 /home/afrendy/projdb/koding/atinom/modul/TOOLCHAIN/bin/../lib/gcc/arm-elf/4.1.0/../../../../arm-elf/lib/thumb/interwork/libg.a(memchr.o)
 .debug_info    0x00019a0b      0x13f /home/afrendy/projdb/koding/atinom/modul/TOOLCHAIN/bin/../lib/gcc/arm-elf/4.1.0/../../../../arm-elf/lib/thumb/interwork/libg.a(memmove.o)
 .debug_info    0x00019b4a      0x93c /home/afrendy/projdb/koding/atinom/modul/TOOLCHAIN/bin/../lib/gcc/arm-elf/4.1.0/../../../../arm-elf/lib/thumb/interwork/libg.a(mlock.o)
 .debug_info    0x0001a486     0x1336 /home/afrendy/projdb/koding/atinom/modul/TOOLCHAIN/bin/../lib/gcc/arm-elf/4.1.0/../../../../arm-elf/lib/thumb/interwork/libg.a(mprec.o)
 .debug_info    0x0001b7bc      0xbc7 /home/afrendy/projdb/koding/atinom/modul/TOOLCHAIN/bin/../lib/gcc/arm-elf/4.1.0/../../../../arm-elf/lib/thumb/interwork/libg.a(reallocr.o)
 .debug_info    0x0001c383       0xd7 /home/afrendy/projdb/koding/atinom/modul/TOOLCHAIN/bin/../lib/gcc/arm-elf/4.1.0/../../../../arm-elf/lib/thumb/interwork/libg.a(s_isinf.o)
 .debug_info    0x0001c45a       0xd5 /home/afrendy/projdb/koding/atinom/modul/TOOLCHAIN/bin/../lib/gcc/arm-elf/4.1.0/../../../../arm-elf/lib/thumb/interwork/libg.a(s_isnan.o)
 .debug_info    0x0001c52f      0xa74 /home/afrendy/projdb/koding/atinom/modul/TOOLCHAIN/bin/../lib/gcc/arm-elf/4.1.0/../../../../arm-elf/lib/thumb/interwork/libg.a(stdio.o)
 .debug_info    0x0001cfa3       0xda /home/afrendy/projdb/koding/atinom/modul/TOOLCHAIN/bin/../lib/gcc/arm-elf/4.1.0/../../../../arm-elf/lib/thumb/interwork/libg.a(strcmp.o)
 .debug_info    0x0001d07d     0x15d2 /home/afrendy/projdb/koding/atinom/modul/TOOLCHAIN/bin/../lib/gcc/arm-elf/4.1.0/../../../../arm-elf/lib/thumb/interwork/libg.a(syscalls.o)
 .debug_info    0x0001e64f      0xa03 /home/afrendy/projdb/koding/atinom/modul/TOOLCHAIN/bin/../lib/gcc/arm-elf/4.1.0/../../../../arm-elf/lib/thumb/interwork/libg.a(callocr.o)
 .debug_info    0x0001f052      0x982 /home/afrendy/projdb/koding/atinom/modul/TOOLCHAIN/bin/../lib/gcc/arm-elf/4.1.0/../../../../arm-elf/lib/thumb/interwork/libg.a(fclose.o)
 .debug_info    0x0001f9d4       0x88 /home/afrendy/projdb/koding/atinom/modul/TOOLCHAIN/bin/../lib/gcc/arm-elf/4.1.0/thumb/interwork/libgcc.a(_umodsi3.o)
 .debug_info    0x0001fa5c       0x88 /home/afrendy/projdb/koding/atinom/modul/TOOLCHAIN/bin/../lib/gcc/arm-elf/4.1.0/thumb/interwork/libgcc.a(_modsi3.o)
 .debug_info    0x0001fae4      0x47d /home/afrendy/projdb/koding/atinom/modul/TOOLCHAIN/bin/../lib/gcc/arm-elf/4.1.0/thumb/interwork/libgcc.a(_addsub_df.o)
 .debug_info    0x0001ff61      0x473 /home/afrendy/projdb/koding/atinom/modul/TOOLCHAIN/bin/../lib/gcc/arm-elf/4.1.0/thumb/interwork/libgcc.a(_mul_df.o)
 .debug_info    0x000203d4      0x3ad /home/afrendy/projdb/koding/atinom/modul/TOOLCHAIN/bin/../lib/gcc/arm-elf/4.1.0/thumb/interwork/libgcc.a(_div_df.o)
 .debug_info    0x00020781      0x2aa /home/afrendy/projdb/koding/atinom/modul/TOOLCHAIN/bin/../lib/gcc/arm-elf/4.1.0/thumb/interwork/libgcc.a(_eq_df.o)
 .debug_info    0x00020a2b      0x2aa /home/afrendy/projdb/koding/atinom/modul/TOOLCHAIN/bin/../lib/gcc/arm-elf/4.1.0/thumb/interwork/libgcc.a(_ne_df.o)
 .debug_info    0x00020cd5      0x2aa /home/afrendy/projdb/koding/atinom/modul/TOOLCHAIN/bin/../lib/gcc/arm-elf/4.1.0/thumb/interwork/libgcc.a(_gt_df.o)
 .debug_info    0x00020f7f      0x2aa /home/afrendy/projdb/koding/atinom/modul/TOOLCHAIN/bin/../lib/gcc/arm-elf/4.1.0/thumb/interwork/libgcc.a(_ge_df.o)
 .debug_info    0x00021229      0x2aa /home/afrendy/projdb/koding/atinom/modul/TOOLCHAIN/bin/../lib/gcc/arm-elf/4.1.0/thumb/interwork/libgcc.a(_lt_df.o)
 .debug_info    0x000214d3      0x1bd /home/afrendy/projdb/koding/atinom/modul/TOOLCHAIN/bin/../lib/gcc/arm-elf/4.1.0/thumb/interwork/libgcc.a(_si_to_df.o)
 .debug_info    0x00021690      0x2de /home/afrendy/projdb/koding/atinom/modul/TOOLCHAIN/bin/../lib/gcc/arm-elf/4.1.0/thumb/interwork/libgcc.a(_df_to_si.o)
 .debug_info    0x0002196e      0x164 /home/afrendy/projdb/koding/atinom/modul/TOOLCHAIN/bin/../lib/gcc/arm-elf/4.1.0/thumb/interwork/libgcc.a(_thenan_df.o)
 .debug_info    0x00021ad2      0x207 /home/afrendy/projdb/koding/atinom/modul/TOOLCHAIN/bin/../lib/gcc/arm-elf/4.1.0/thumb/interwork/libgcc.a(_muldi3.o)
 .debug_info    0x00021cd9      0x323 /home/afrendy/projdb/koding/atinom/modul/TOOLCHAIN/bin/../lib/gcc/arm-elf/4.1.0/thumb/interwork/libgcc.a(_pack_df.o)
 .debug_info    0x00021ffc      0x27a /home/afrendy/projdb/koding/atinom/modul/TOOLCHAIN/bin/../lib/gcc/arm-elf/4.1.0/thumb/interwork/libgcc.a(_unpack_df.o)
 .debug_info    0x00022276      0x218 /home/afrendy/projdb/koding/atinom/modul/TOOLCHAIN/bin/../lib/gcc/arm-elf/4.1.0/thumb/interwork/libgcc.a(_fpcmp_parts_df.o)

.debug_line     0x00000000     0x6c08
 .debug_line    0x00000000       0x86 ../../../Source/portable/GCC/ARM7_LPC23xx/portISR.o
 .debug_line    0x00000086       0x7c ./webserver/EMAC_ISR.o
 .debug_line    0x00000102       0xd5 main.o
 .debug_line    0x000001d7       0x5f ./ParTest/ParTest.o
 .debug_line    0x00000236       0xc4 ./LCD/portlcd.o
 .debug_line    0x000002fa      0x10f ../../Common/Minimal/BlockQ.o
 .debug_line    0x00000409      0x162 ../../Common/Minimal/blocktim.o
 .debug_line    0x0000056b       0xb7 ../../Common/Minimal/flash.o
 .debug_line    0x00000622       0x6e ../../Common/Minimal/integer.o
 .debug_line    0x00000690      0x123 ../../Common/Minimal/GenQTest.o
 .debug_line    0x000007b3       0xde ../../Common/Minimal/QPeek.o
 .debug_line    0x00000891       0xd6 ../../Common/Minimal/dynamic.o
 .debug_line    0x00000967      0x21e ./webserver/uIP_Task.o
 .debug_line    0x00000b85      0x12d ./webserver/emac.o
 .debug_line    0x00000cb2      0x20e ./webserver/httpd.o
 .debug_line    0x00000ec0      0x1bf ./webserver/httpd-cgi.o
 .debug_line    0x0000107f      0x135 ./webserver/httpd-fs.o
 .debug_line    0x000011b4       0x36 ./webserver/http-strings.o
 .debug_line    0x000011ea      0x188 ../../Common/ethernet/uIP/uip-1.0/uip/uip_arp.o
 .debug_line    0x00001372      0x1e9 ../../Common/ethernet/uIP/uip-1.0/uip/psock.o
 .debug_line    0x0000155b       0x94 ../../Common/ethernet/uIP/uip-1.0/uip/timer.o
 .debug_line    0x000015ef      0x3b1 ../../Common/ethernet/uIP/uip-1.0/uip/uip.o
 .debug_line    0x000019a0       0xe2 ../../../Source/list.o
 .debug_line    0x00001a82      0x25e ../../../Source/queue.o
 .debug_line    0x00001ce0      0x2c7 ../../../Source/tasks.o
 .debug_line    0x00001fa7       0xc5 ../../../Source/portable/GCC/ARM7_LPC23xx/port.o
 .debug_line    0x0000206c       0xf2 ../../../Source/portable/MemMang/heap_2.o
 .debug_line    0x0000215e      0x176 syscalls.o
 .debug_line    0x000022d4       0x78 /tmp/ccF3NtYT.o
 .debug_line    0x0000234c       0x77 /home/afrendy/projdb/koding/atinom/modul/TOOLCHAIN/bin/../lib/gcc/arm-elf/4.1.0/thumb/interwork/libgcc.a(_udivsi3.o)
 .debug_line    0x000023c3       0x83 /home/afrendy/projdb/koding/atinom/modul/TOOLCHAIN/bin/../lib/gcc/arm-elf/4.1.0/thumb/interwork/libgcc.a(_divsi3.o)
 .debug_line    0x00002446       0x61 /home/afrendy/projdb/koding/atinom/modul/TOOLCHAIN/bin/../lib/gcc/arm-elf/4.1.0/thumb/interwork/libgcc.a(_dvmd_tls.o)
 .debug_line    0x000024a7      0x113 /home/afrendy/projdb/koding/atinom/modul/TOOLCHAIN/bin/../lib/gcc/arm-elf/4.1.0/../../../../arm-elf/lib/thumb/interwork/libg.a(errno.o)
 .debug_line    0x000025ba      0x104 /home/afrendy/projdb/koding/atinom/modul/TOOLCHAIN/bin/../lib/gcc/arm-elf/4.1.0/../../../../arm-elf/lib/thumb/interwork/libg.a(impure.o)
 .debug_line    0x000026be       0xc9 /home/afrendy/projdb/koding/atinom/modul/TOOLCHAIN/bin/../lib/gcc/arm-elf/4.1.0/../../../../arm-elf/lib/thumb/interwork/libg.a(memcpy.o)
 .debug_line    0x00002787       0xd5 /home/afrendy/projdb/koding/atinom/modul/TOOLCHAIN/bin/../lib/gcc/arm-elf/4.1.0/../../../../arm-elf/lib/thumb/interwork/libg.a(memset.o)
 .debug_line    0x0000285c      0x13a /home/afrendy/projdb/koding/atinom/modul/TOOLCHAIN/bin/../lib/gcc/arm-elf/4.1.0/../../../../arm-elf/lib/thumb/interwork/libg.a(puts.o)
 .debug_line    0x00002996      0x1a7 /home/afrendy/projdb/koding/atinom/modul/TOOLCHAIN/bin/../lib/gcc/arm-elf/4.1.0/../../../../arm-elf/lib/thumb/interwork/libg.a(snprintf.o)
 .debug_line    0x00002b3d      0x1a6 /home/afrendy/projdb/koding/atinom/modul/TOOLCHAIN/bin/../lib/gcc/arm-elf/4.1.0/../../../../arm-elf/lib/thumb/interwork/libg.a(sprintf.o)
 .debug_line    0x00002ce3       0x87 /home/afrendy/projdb/koding/atinom/modul/TOOLCHAIN/bin/../lib/gcc/arm-elf/4.1.0/../../../../arm-elf/lib/thumb/interwork/libg.a(strcat.o)
 .debug_line    0x00002d6a       0x8f /home/afrendy/projdb/koding/atinom/modul/TOOLCHAIN/bin/../lib/gcc/arm-elf/4.1.0/../../../../arm-elf/lib/thumb/interwork/libg.a(strchr.o)
 .debug_line    0x00002df9       0x85 /home/afrendy/projdb/koding/atinom/modul/TOOLCHAIN/bin/../lib/gcc/arm-elf/4.1.0/../../../../arm-elf/lib/thumb/interwork/libg.a(strcpy.o)
 .debug_line    0x00002e7e       0xb8 /home/afrendy/projdb/koding/atinom/modul/TOOLCHAIN/bin/../lib/gcc/arm-elf/4.1.0/../../../../arm-elf/lib/thumb/interwork/libg.a(strlen.o)
 .debug_line    0x00002f36       0xd7 /home/afrendy/projdb/koding/atinom/modul/TOOLCHAIN/bin/../lib/gcc/arm-elf/4.1.0/../../../../arm-elf/lib/thumb/interwork/libg.a(strncmp.o)
 .debug_line    0x0000300d       0xd0 /home/afrendy/projdb/koding/atinom/modul/TOOLCHAIN/bin/../lib/gcc/arm-elf/4.1.0/../../../../arm-elf/lib/thumb/interwork/libg.a(strncpy.o)
 .debug_line    0x000030dd       0x7b /home/afrendy/projdb/koding/atinom/modul/TOOLCHAIN/bin/../lib/gcc/arm-elf/4.1.0/../../../../arm-elf/lib/thumb/interwork/libg.a(strrchr.o)
 .debug_line    0x00003158       0xbf /home/afrendy/projdb/koding/atinom/modul/TOOLCHAIN/bin/../lib/gcc/arm-elf/4.1.0/../../../../arm-elf/lib/thumb/interwork/libg.a(strstr.o)
 .debug_line    0x00003217      0x5a4 /home/afrendy/projdb/koding/atinom/modul/TOOLCHAIN/bin/../lib/gcc/arm-elf/4.1.0/../../../../arm-elf/lib/thumb/interwork/libg.a(vfprintf.o)
 .debug_line    0x000037bb      0x178 /home/afrendy/projdb/koding/atinom/modul/TOOLCHAIN/bin/../lib/gcc/arm-elf/4.1.0/../../../../arm-elf/lib/thumb/interwork/libg.a(wcrtomb.o)
 .debug_line    0x00003933      0x1a5 /home/afrendy/projdb/koding/atinom/modul/TOOLCHAIN/bin/../lib/gcc/arm-elf/4.1.0/../../../../arm-elf/lib/thumb/interwork/libg.a(wcsrtombs.o)
 .debug_line    0x00003ad8      0x1fb /home/afrendy/projdb/koding/atinom/modul/TOOLCHAIN/bin/../lib/gcc/arm-elf/4.1.0/../../../../arm-elf/lib/thumb/interwork/libg.a(wctomb_r.o)
 .debug_line    0x00003cd3      0x185 /home/afrendy/projdb/koding/atinom/modul/TOOLCHAIN/bin/../lib/gcc/arm-elf/4.1.0/../../../../arm-elf/lib/thumb/interwork/libg.a(wsetup.o)
 .debug_line    0x00003e58      0x453 /home/afrendy/projdb/koding/atinom/modul/TOOLCHAIN/bin/../lib/gcc/arm-elf/4.1.0/../../../../arm-elf/lib/thumb/interwork/libg.a(dtoa.o)
 .debug_line    0x000042ab      0x183 /home/afrendy/projdb/koding/atinom/modul/TOOLCHAIN/bin/../lib/gcc/arm-elf/4.1.0/../../../../arm-elf/lib/thumb/interwork/libg.a(fflush.o)
 .debug_line    0x0000442e      0x1e4 /home/afrendy/projdb/koding/atinom/modul/TOOLCHAIN/bin/../lib/gcc/arm-elf/4.1.0/../../../../arm-elf/lib/thumb/interwork/libg.a(findfp.o)
 .debug_line    0x00004612      0x185 /home/afrendy/projdb/koding/atinom/modul/TOOLCHAIN/bin/../lib/gcc/arm-elf/4.1.0/../../../../arm-elf/lib/thumb/interwork/libg.a(freer.o)
 .debug_line    0x00004797      0x205 /home/afrendy/projdb/koding/atinom/modul/TOOLCHAIN/bin/../lib/gcc/arm-elf/4.1.0/../../../../arm-elf/lib/thumb/interwork/libg.a(fvwrite.o)
 .debug_line    0x0000499c      0x198 /home/afrendy/projdb/koding/atinom/modul/TOOLCHAIN/bin/../lib/gcc/arm-elf/4.1.0/../../../../arm-elf/lib/thumb/interwork/libg.a(fwalk.o)
 .debug_line    0x00004b34      0x187 /home/afrendy/projdb/koding/atinom/modul/TOOLCHAIN/bin/../lib/gcc/arm-elf/4.1.0/../../../../arm-elf/lib/thumb/interwork/libg.a(locale.o)
 .debug_line    0x00004cbb      0x1a0 /home/afrendy/projdb/koding/atinom/modul/TOOLCHAIN/bin/../lib/gcc/arm-elf/4.1.0/../../../../arm-elf/lib/thumb/interwork/libg.a(makebuf.o)
 .debug_line    0x00004e5b      0x255 /home/afrendy/projdb/koding/atinom/modul/TOOLCHAIN/bin/../lib/gcc/arm-elf/4.1.0/../../../../arm-elf/lib/thumb/interwork/libg.a(mallocr.o)
 .debug_line    0x000050b0       0xde /home/afrendy/projdb/koding/atinom/modul/TOOLCHAIN/bin/../lib/gcc/arm-elf/4.1.0/../../../../arm-elf/lib/thumb/interwork/libg.a(memchr.o)
 .debug_line    0x0000518e       0xd0 /home/afrendy/projdb/koding/atinom/modul/TOOLCHAIN/bin/../lib/gcc/arm-elf/4.1.0/../../../../arm-elf/lib/thumb/interwork/libg.a(memmove.o)
 .debug_line    0x0000525e      0x116 /home/afrendy/projdb/koding/atinom/modul/TOOLCHAIN/bin/../lib/gcc/arm-elf/4.1.0/../../../../arm-elf/lib/thumb/interwork/libg.a(mlock.o)
 .debug_line    0x00005374      0x3dd /home/afrendy/projdb/koding/atinom/modul/TOOLCHAIN/bin/../lib/gcc/arm-elf/4.1.0/../../../../arm-elf/lib/thumb/interwork/libg.a(mprec.o)
 .debug_line    0x00005751      0x1be /home/afrendy/projdb/koding/atinom/modul/TOOLCHAIN/bin/../lib/gcc/arm-elf/4.1.0/../../../../arm-elf/lib/thumb/interwork/libg.a(reallocr.o)
 .debug_line    0x0000590f       0xcb /home/afrendy/projdb/koding/atinom/modul/TOOLCHAIN/bin/../lib/gcc/arm-elf/4.1.0/../../../../arm-elf/lib/thumb/interwork/libg.a(s_isinf.o)
 .debug_line    0x000059da       0xcb /home/afrendy/projdb/koding/atinom/modul/TOOLCHAIN/bin/../lib/gcc/arm-elf/4.1.0/../../../../arm-elf/lib/thumb/interwork/libg.a(s_isnan.o)
 .debug_line    0x00005aa5      0x196 /home/afrendy/projdb/koding/atinom/modul/TOOLCHAIN/bin/../lib/gcc/arm-elf/4.1.0/../../../../arm-elf/lib/thumb/interwork/libg.a(stdio.o)
 .debug_line    0x00005c3b       0x8c /home/afrendy/projdb/koding/atinom/modul/TOOLCHAIN/bin/../lib/gcc/arm-elf/4.1.0/../../../../arm-elf/lib/thumb/interwork/libg.a(strcmp.o)
 .debug_line    0x00005cc7      0x2e9 /home/afrendy/projdb/koding/atinom/modul/TOOLCHAIN/bin/../lib/gcc/arm-elf/4.1.0/../../../../arm-elf/lib/thumb/interwork/libg.a(syscalls.o)
 .debug_line    0x00005fb0      0x11f /home/afrendy/projdb/koding/atinom/modul/TOOLCHAIN/bin/../lib/gcc/arm-elf/4.1.0/../../../../arm-elf/lib/thumb/interwork/libg.a(callocr.o)
 .debug_line    0x000060cf      0x184 /home/afrendy/projdb/koding/atinom/modul/TOOLCHAIN/bin/../lib/gcc/arm-elf/4.1.0/../../../../arm-elf/lib/thumb/interwork/libg.a(fclose.o)
 .debug_line    0x00006253       0x6f /home/afrendy/projdb/koding/atinom/modul/TOOLCHAIN/bin/../lib/gcc/arm-elf/4.1.0/thumb/interwork/libgcc.a(_umodsi3.o)
 .debug_line    0x000062c2       0x78 /home/afrendy/projdb/koding/atinom/modul/TOOLCHAIN/bin/../lib/gcc/arm-elf/4.1.0/thumb/interwork/libgcc.a(_modsi3.o)
 .debug_line    0x0000633a      0x10a /home/afrendy/projdb/koding/atinom/modul/TOOLCHAIN/bin/../lib/gcc/arm-elf/4.1.0/thumb/interwork/libgcc.a(_addsub_df.o)
 .debug_line    0x00006444       0xe5 /home/afrendy/projdb/koding/atinom/modul/TOOLCHAIN/bin/../lib/gcc/arm-elf/4.1.0/thumb/interwork/libgcc.a(_mul_df.o)
 .debug_line    0x00006529       0xca /home/afrendy/projdb/koding/atinom/modul/TOOLCHAIN/bin/../lib/gcc/arm-elf/4.1.0/thumb/interwork/libgcc.a(_div_df.o)
 .debug_line    0x000065f3       0x75 /home/afrendy/projdb/koding/atinom/modul/TOOLCHAIN/bin/../lib/gcc/arm-elf/4.1.0/thumb/interwork/libgcc.a(_eq_df.o)
 .debug_line    0x00006668       0x75 /home/afrendy/projdb/koding/atinom/modul/TOOLCHAIN/bin/../lib/gcc/arm-elf/4.1.0/thumb/interwork/libgcc.a(_ne_df.o)
 .debug_line    0x000066dd       0x75 /home/afrendy/projdb/koding/atinom/modul/TOOLCHAIN/bin/../lib/gcc/arm-elf/4.1.0/thumb/interwork/libgcc.a(_gt_df.o)
 .debug_line    0x00006752       0x75 /home/afrendy/projdb/koding/atinom/modul/TOOLCHAIN/bin/../lib/gcc/arm-elf/4.1.0/thumb/interwork/libgcc.a(_ge_df.o)
 .debug_line    0x000067c7       0x75 /home/afrendy/projdb/koding/atinom/modul/TOOLCHAIN/bin/../lib/gcc/arm-elf/4.1.0/thumb/interwork/libgcc.a(_lt_df.o)
 .debug_line    0x0000683c       0x7e /home/afrendy/projdb/koding/atinom/modul/TOOLCHAIN/bin/../lib/gcc/arm-elf/4.1.0/thumb/interwork/libgcc.a(_si_to_df.o)
 .debug_line    0x000068ba       0x88 /home/afrendy/projdb/koding/atinom/modul/TOOLCHAIN/bin/../lib/gcc/arm-elf/4.1.0/thumb/interwork/libgcc.a(_df_to_si.o)
 .debug_line    0x00006942       0x54 /home/afrendy/projdb/koding/atinom/modul/TOOLCHAIN/bin/../lib/gcc/arm-elf/4.1.0/thumb/interwork/libgcc.a(_thenan_df.o)
 .debug_line    0x00006996       0x67 /home/afrendy/projdb/koding/atinom/modul/TOOLCHAIN/bin/../lib/gcc/arm-elf/4.1.0/thumb/interwork/libgcc.a(_muldi3.o)
 .debug_line    0x000069fd       0xcc /home/afrendy/projdb/koding/atinom/modul/TOOLCHAIN/bin/../lib/gcc/arm-elf/4.1.0/thumb/interwork/libgcc.a(_pack_df.o)
 .debug_line    0x00006ac9       0x99 /home/afrendy/projdb/koding/atinom/modul/TOOLCHAIN/bin/../lib/gcc/arm-elf/4.1.0/thumb/interwork/libgcc.a(_unpack_df.o)
 .debug_line    0x00006b62       0xa6 /home/afrendy/projdb/koding/atinom/modul/TOOLCHAIN/bin/../lib/gcc/arm-elf/4.1.0/thumb/interwork/libgcc.a(_fpcmp_parts_df.o)

.debug_frame    0x00000000     0x2b58
 .debug_frame   0x00000000       0x90 ../../../Source/portable/GCC/ARM7_LPC23xx/portISR.o
 .debug_frame   0x00000090       0x38 ./webserver/EMAC_ISR.o
 .debug_frame   0x000000c8       0xc8 main.o
 .debug_frame   0x00000190       0x5c ./ParTest/ParTest.o
 .debug_frame   0x000001ec      0x17c ./LCD/portlcd.o
 .debug_frame   0x00000368       0x78 ../../Common/Minimal/BlockQ.o
 .debug_frame   0x000003e0       0x6c ../../Common/Minimal/blocktim.o
 .debug_frame   0x0000044c       0x40 ../../Common/Minimal/flash.o
 .debug_frame   0x0000048c       0x58 ../../Common/Minimal/integer.o
 .debug_frame   0x000004e4       0xa0 ../../Common/Minimal/GenQTest.o
 .debug_frame   0x00000584       0xa0 ../../Common/Minimal/QPeek.o
 .debug_frame   0x00000624       0xb8 ../../Common/Minimal/dynamic.o
 .debug_frame   0x000006dc       0x98 ./webserver/uIP_Task.o
 .debug_frame   0x00000774      0x1a0 ./webserver/emac.o
 .debug_frame   0x00000914      0x12c ./webserver/httpd.o
 .debug_frame   0x00000a40      0x148 ./webserver/httpd-cgi.o
 .debug_frame   0x00000b88       0x68 ./webserver/httpd-fs.o
 .debug_frame   0x00000bf0       0xa8 ../../Common/ethernet/uIP/uip-1.0/uip/uip_arp.o
 .debug_frame   0x00000c98      0x134 ../../Common/ethernet/uIP/uip-1.0/uip/psock.o
 .debug_frame   0x00000dcc       0x6c ../../Common/ethernet/uIP/uip-1.0/uip/timer.o
 .debug_frame   0x00000e38      0x184 ../../Common/ethernet/uIP/uip-1.0/uip/uip.o
 .debug_frame   0x00000fbc       0x74 ../../../Source/list.o
 .debug_frame   0x00001030      0x1ec ../../../Source/queue.o
 .debug_frame   0x0000121c      0x37c ../../../Source/tasks.o
 .debug_frame   0x00001598       0x60 ../../../Source/portable/GCC/ARM7_LPC23xx/port.o
 .debug_frame   0x000015f8       0x74 ../../../Source/portable/MemMang/heap_2.o
 .debug_frame   0x0000166c       0xbc syscalls.o
 .debug_frame   0x00001728       0x28 /home/afrendy/projdb/koding/atinom/modul/TOOLCHAIN/bin/../lib/gcc/arm-elf/4.1.0/thumb/interwork/libgcc.a(_udivsi3.o)
 .debug_frame   0x00001750       0x28 /home/afrendy/projdb/koding/atinom/modul/TOOLCHAIN/bin/../lib/gcc/arm-elf/4.1.0/thumb/interwork/libgcc.a(_divsi3.o)
 .debug_frame   0x00001778       0x20 /home/afrendy/projdb/koding/atinom/modul/TOOLCHAIN/bin/../lib/gcc/arm-elf/4.1.0/../../../../arm-elf/lib/thumb/interwork/libg.a(errno.o)
 .debug_frame   0x00001798       0x28 /home/afrendy/projdb/koding/atinom/modul/TOOLCHAIN/bin/../lib/gcc/arm-elf/4.1.0/../../../../arm-elf/lib/thumb/interwork/libg.a(memcpy.o)
 .debug_frame   0x000017c0       0x2c /home/afrendy/projdb/koding/atinom/modul/TOOLCHAIN/bin/../lib/gcc/arm-elf/4.1.0/../../../../arm-elf/lib/thumb/interwork/libg.a(memset.o)
 .debug_frame   0x000017ec       0x44 /home/afrendy/projdb/koding/atinom/modul/TOOLCHAIN/bin/../lib/gcc/arm-elf/4.1.0/../../../../arm-elf/lib/thumb/interwork/libg.a(puts.o)
 .debug_frame   0x00001830       0x50 /home/afrendy/projdb/koding/atinom/modul/TOOLCHAIN/bin/../lib/gcc/arm-elf/4.1.0/../../../../arm-elf/lib/thumb/interwork/libg.a(snprintf.o)
 .debug_frame   0x00001880       0x50 /home/afrendy/projdb/koding/atinom/modul/TOOLCHAIN/bin/../lib/gcc/arm-elf/4.1.0/../../../../arm-elf/lib/thumb/interwork/libg.a(sprintf.o)
 .debug_frame   0x000018d0       0x2c /home/afrendy/projdb/koding/atinom/modul/TOOLCHAIN/bin/../lib/gcc/arm-elf/4.1.0/../../../../arm-elf/lib/thumb/interwork/libg.a(strcat.o)
 .debug_frame   0x000018fc       0x2c /home/afrendy/projdb/koding/atinom/modul/TOOLCHAIN/bin/../lib/gcc/arm-elf/4.1.0/../../../../arm-elf/lib/thumb/interwork/libg.a(strchr.o)
 .debug_frame   0x00001928       0x2c /home/afrendy/projdb/koding/atinom/modul/TOOLCHAIN/bin/../lib/gcc/arm-elf/4.1.0/../../../../arm-elf/lib/thumb/interwork/libg.a(strcpy.o)
 .debug_frame   0x00001954       0x2c /home/afrendy/projdb/koding/atinom/modul/TOOLCHAIN/bin/../lib/gcc/arm-elf/4.1.0/../../../../arm-elf/lib/thumb/interwork/libg.a(strlen.o)
 .debug_frame   0x00001980       0x2c /home/afrendy/projdb/koding/atinom/modul/TOOLCHAIN/bin/../lib/gcc/arm-elf/4.1.0/../../../../arm-elf/lib/thumb/interwork/libg.a(strncmp.o)
 .debug_frame   0x000019ac       0x30 /home/afrendy/projdb/koding/atinom/modul/TOOLCHAIN/bin/../lib/gcc/arm-elf/4.1.0/../../../../arm-elf/lib/thumb/interwork/libg.a(strncpy.o)
 .debug_frame   0x000019dc       0x2c /home/afrendy/projdb/koding/atinom/modul/TOOLCHAIN/bin/../lib/gcc/arm-elf/4.1.0/../../../../arm-elf/lib/thumb/interwork/libg.a(strrchr.o)
 .debug_frame   0x00001a08       0x28 /home/afrendy/projdb/koding/atinom/modul/TOOLCHAIN/bin/../lib/gcc/arm-elf/4.1.0/../../../../arm-elf/lib/thumb/interwork/libg.a(strstr.o)
 .debug_frame   0x00001a30       0x70 /home/afrendy/projdb/koding/atinom/modul/TOOLCHAIN/bin/../lib/gcc/arm-elf/4.1.0/../../../../arm-elf/lib/thumb/interwork/libg.a(vfprintf.o)
 .debug_frame   0x00001aa0       0x48 /home/afrendy/projdb/koding/atinom/modul/TOOLCHAIN/bin/../lib/gcc/arm-elf/4.1.0/../../../../arm-elf/lib/thumb/interwork/libg.a(wcrtomb.o)
 .debug_frame   0x00001ae8       0x5c /home/afrendy/projdb/koding/atinom/modul/TOOLCHAIN/bin/../lib/gcc/arm-elf/4.1.0/../../../../arm-elf/lib/thumb/interwork/libg.a(wcsrtombs.o)
 .debug_frame   0x00001b44       0x30 /home/afrendy/projdb/koding/atinom/modul/TOOLCHAIN/bin/../lib/gcc/arm-elf/4.1.0/../../../../arm-elf/lib/thumb/interwork/libg.a(wctomb_r.o)
 .debug_frame   0x00001b74       0x2c /home/afrendy/projdb/koding/atinom/modul/TOOLCHAIN/bin/../lib/gcc/arm-elf/4.1.0/../../../../arm-elf/lib/thumb/interwork/libg.a(wsetup.o)
 .debug_frame   0x00001ba0       0x68 /home/afrendy/projdb/koding/atinom/modul/TOOLCHAIN/bin/../lib/gcc/arm-elf/4.1.0/../../../../arm-elf/lib/thumb/interwork/libg.a(dtoa.o)
 .debug_frame   0x00001c08       0x2c /home/afrendy/projdb/koding/atinom/modul/TOOLCHAIN/bin/../lib/gcc/arm-elf/4.1.0/../../../../arm-elf/lib/thumb/interwork/libg.a(fflush.o)
 .debug_frame   0x00001c34      0x130 /home/afrendy/projdb/koding/atinom/modul/TOOLCHAIN/bin/../lib/gcc/arm-elf/4.1.0/../../../../arm-elf/lib/thumb/interwork/libg.a(findfp.o)
 .debug_frame   0x00001d64       0x54 /home/afrendy/projdb/koding/atinom/modul/TOOLCHAIN/bin/../lib/gcc/arm-elf/4.1.0/../../../../arm-elf/lib/thumb/interwork/libg.a(freer.o)
 .debug_frame   0x00001db8       0x3c /home/afrendy/projdb/koding/atinom/modul/TOOLCHAIN/bin/../lib/gcc/arm-elf/4.1.0/../../../../arm-elf/lib/thumb/interwork/libg.a(fvwrite.o)
 .debug_frame   0x00001df4       0x5c /home/afrendy/projdb/koding/atinom/modul/TOOLCHAIN/bin/../lib/gcc/arm-elf/4.1.0/../../../../arm-elf/lib/thumb/interwork/libg.a(fwalk.o)
 .debug_frame   0x00001e50       0x80 /home/afrendy/projdb/koding/atinom/modul/TOOLCHAIN/bin/../lib/gcc/arm-elf/4.1.0/../../../../arm-elf/lib/thumb/interwork/libg.a(locale.o)
 .debug_frame   0x00001ed0       0x30 /home/afrendy/projdb/koding/atinom/modul/TOOLCHAIN/bin/../lib/gcc/arm-elf/4.1.0/../../../../arm-elf/lib/thumb/interwork/libg.a(makebuf.o)
 .debug_frame   0x00001f00       0x3c /home/afrendy/projdb/koding/atinom/modul/TOOLCHAIN/bin/../lib/gcc/arm-elf/4.1.0/../../../../arm-elf/lib/thumb/interwork/libg.a(mallocr.o)
 .debug_frame   0x00001f3c       0x38 /home/afrendy/projdb/koding/atinom/modul/TOOLCHAIN/bin/../lib/gcc/arm-elf/4.1.0/../../../../arm-elf/lib/thumb/interwork/libg.a(memchr.o)
 .debug_frame   0x00001f74       0x2c /home/afrendy/projdb/koding/atinom/modul/TOOLCHAIN/bin/../lib/gcc/arm-elf/4.1.0/../../../../arm-elf/lib/thumb/interwork/libg.a(memmove.o)
 .debug_frame   0x00001fa0       0x30 /home/afrendy/projdb/koding/atinom/modul/TOOLCHAIN/bin/../lib/gcc/arm-elf/4.1.0/../../../../arm-elf/lib/thumb/interwork/libg.a(mlock.o)
 .debug_frame   0x00001fd0      0x224 /home/afrendy/projdb/koding/atinom/modul/TOOLCHAIN/bin/../lib/gcc/arm-elf/4.1.0/../../../../arm-elf/lib/thumb/interwork/libg.a(mprec.o)
 .debug_frame   0x000021f4       0x3c /home/afrendy/projdb/koding/atinom/modul/TOOLCHAIN/bin/../lib/gcc/arm-elf/4.1.0/../../../../arm-elf/lib/thumb/interwork/libg.a(reallocr.o)
 .debug_frame   0x00002230       0x20 /home/afrendy/projdb/koding/atinom/modul/TOOLCHAIN/bin/../lib/gcc/arm-elf/4.1.0/../../../../arm-elf/lib/thumb/interwork/libg.a(s_isinf.o)
 .debug_frame   0x00002250       0x20 /home/afrendy/projdb/koding/atinom/modul/TOOLCHAIN/bin/../lib/gcc/arm-elf/4.1.0/../../../../arm-elf/lib/thumb/interwork/libg.a(s_isnan.o)
 .debug_frame   0x00002270       0x80 /home/afrendy/projdb/koding/atinom/modul/TOOLCHAIN/bin/../lib/gcc/arm-elf/4.1.0/../../../../arm-elf/lib/thumb/interwork/libg.a(stdio.o)
 .debug_frame   0x000022f0       0x2c /home/afrendy/projdb/koding/atinom/modul/TOOLCHAIN/bin/../lib/gcc/arm-elf/4.1.0/../../../../arm-elf/lib/thumb/interwork/libg.a(strcmp.o)
 .debug_frame   0x0000231c      0x30c /home/afrendy/projdb/koding/atinom/modul/TOOLCHAIN/bin/../lib/gcc/arm-elf/4.1.0/../../../../arm-elf/lib/thumb/interwork/libg.a(syscalls.o)
 .debug_frame   0x00002628       0x28 /home/afrendy/projdb/koding/atinom/modul/TOOLCHAIN/bin/../lib/gcc/arm-elf/4.1.0/../../../../arm-elf/lib/thumb/interwork/libg.a(callocr.o)
 .debug_frame   0x00002650       0x44 /home/afrendy/projdb/koding/atinom/modul/TOOLCHAIN/bin/../lib/gcc/arm-elf/4.1.0/../../../../arm-elf/lib/thumb/interwork/libg.a(fclose.o)
 .debug_frame   0x00002694       0x28 /home/afrendy/projdb/koding/atinom/modul/TOOLCHAIN/bin/../lib/gcc/arm-elf/4.1.0/thumb/interwork/libgcc.a(_umodsi3.o)
 .debug_frame   0x000026bc       0x28 /home/afrendy/projdb/koding/atinom/modul/TOOLCHAIN/bin/../lib/gcc/arm-elf/4.1.0/thumb/interwork/libgcc.a(_modsi3.o)
 .debug_frame   0x000026e4       0xb4 /home/afrendy/projdb/koding/atinom/modul/TOOLCHAIN/bin/../lib/gcc/arm-elf/4.1.0/thumb/interwork/libgcc.a(_addsub_df.o)
 .debug_frame   0x00002798       0x74 /home/afrendy/projdb/koding/atinom/modul/TOOLCHAIN/bin/../lib/gcc/arm-elf/4.1.0/thumb/interwork/libgcc.a(_mul_df.o)
 .debug_frame   0x0000280c       0x70 /home/afrendy/projdb/koding/atinom/modul/TOOLCHAIN/bin/../lib/gcc/arm-elf/4.1.0/thumb/interwork/libgcc.a(_div_df.o)
 .debug_frame   0x0000287c       0x3c /home/afrendy/projdb/koding/atinom/modul/TOOLCHAIN/bin/../lib/gcc/arm-elf/4.1.0/thumb/interwork/libgcc.a(_eq_df.o)
 .debug_frame   0x000028b8       0x3c /home/afrendy/projdb/koding/atinom/modul/TOOLCHAIN/bin/../lib/gcc/arm-elf/4.1.0/thumb/interwork/libgcc.a(_ne_df.o)
 .debug_frame   0x000028f4       0x3c /home/afrendy/projdb/koding/atinom/modul/TOOLCHAIN/bin/../lib/gcc/arm-elf/4.1.0/thumb/interwork/libgcc.a(_gt_df.o)
 .debug_frame   0x00002930       0x3c /home/afrendy/projdb/koding/atinom/modul/TOOLCHAIN/bin/../lib/gcc/arm-elf/4.1.0/thumb/interwork/libgcc.a(_ge_df.o)
 .debug_frame   0x0000296c       0x3c /home/afrendy/projdb/koding/atinom/modul/TOOLCHAIN/bin/../lib/gcc/arm-elf/4.1.0/thumb/interwork/libgcc.a(_lt_df.o)
 .debug_frame   0x000029a8       0x2c /home/afrendy/projdb/koding/atinom/modul/TOOLCHAIN/bin/../lib/gcc/arm-elf/4.1.0/thumb/interwork/libgcc.a(_si_to_df.o)
 .debug_frame   0x000029d4       0x60 /home/afrendy/projdb/koding/atinom/modul/TOOLCHAIN/bin/../lib/gcc/arm-elf/4.1.0/thumb/interwork/libgcc.a(_df_to_si.o)
 .debug_frame   0x00002a34       0x38 /home/afrendy/projdb/koding/atinom/modul/TOOLCHAIN/bin/../lib/gcc/arm-elf/4.1.0/thumb/interwork/libgcc.a(_muldi3.o)
 .debug_frame   0x00002a6c       0x60 /home/afrendy/projdb/koding/atinom/modul/TOOLCHAIN/bin/../lib/gcc/arm-elf/4.1.0/thumb/interwork/libgcc.a(_pack_df.o)
 .debug_frame   0x00002acc       0x30 /home/afrendy/projdb/koding/atinom/modul/TOOLCHAIN/bin/../lib/gcc/arm-elf/4.1.0/thumb/interwork/libgcc.a(_unpack_df.o)
 .debug_frame   0x00002afc       0x5c /home/afrendy/projdb/koding/atinom/modul/TOOLCHAIN/bin/../lib/gcc/arm-elf/4.1.0/thumb/interwork/libgcc.a(_fpcmp_parts_df.o)

.debug_loc      0x00000000     0xcce8
 .debug_loc     0x00000000       0x1f ../../../Source/portable/GCC/ARM7_LPC23xx/portISR.o
 .debug_loc     0x0000001f       0x2b ./webserver/EMAC_ISR.o
 .debug_loc     0x0000004a      0x109 main.o
 .debug_loc     0x00000153       0x5d ./ParTest/ParTest.o
 .debug_loc     0x000001b0      0x255 ./LCD/portlcd.o
 .debug_loc     0x00000405       0xa1 ../../Common/Minimal/BlockQ.o
 .debug_loc     0x000004a6       0xa0 ../../Common/Minimal/blocktim.o
 .debug_loc     0x00000546       0x56 ../../Common/Minimal/flash.o
 .debug_loc     0x0000059c       0x75 ../../Common/Minimal/integer.o
 .debug_loc     0x00000611       0xf6 ../../Common/Minimal/GenQTest.o
 .debug_loc     0x00000707       0xf6 ../../Common/Minimal/QPeek.o
 .debug_loc     0x000007fd      0x121 ../../Common/Minimal/dynamic.o
 .debug_loc     0x0000091e       0xb3 ./webserver/uIP_Task.o
 .debug_loc     0x000009d1      0x257 ./webserver/emac.o
 .debug_loc     0x00000c28      0x1cd ./webserver/httpd.o
 .debug_loc     0x00000df5      0x1f9 ./webserver/httpd-cgi.o
 .debug_loc     0x00000fee       0x94 ./webserver/httpd-fs.o
 .debug_loc     0x00001082       0xcb ../../Common/ethernet/uIP/uip-1.0/uip/uip_arp.o
 .debug_loc     0x0000114d      0x1c8 ../../Common/ethernet/uIP/uip-1.0/uip/psock.o
 .debug_loc     0x00001315       0xa0 ../../Common/ethernet/uIP/uip-1.0/uip/timer.o
 .debug_loc     0x000013b5      0x225 ../../Common/ethernet/uIP/uip-1.0/uip/uip.o
 .debug_loc     0x000015da       0x9b ../../../Source/list.o
 .debug_loc     0x00001675      0x314 ../../../Source/queue.o
 .debug_loc     0x00001989      0x575 ../../../Source/tasks.o
 .debug_loc     0x00001efe       0x5d ../../../Source/portable/GCC/ARM7_LPC23xx/port.o
 .debug_loc     0x00001f5b       0x75 ../../../Source/portable/MemMang/heap_2.o